
Memory Configuration

Name             Origin             Length             Attributes
ROM              0x00000000         0x00020000         xr
RAM              0x40000000         0x00010000         rw
*default*        0x00000000         0xffffffff

Linker script and memory map

LOAD build/crt0.o
LOAD bellator_low_level.o
LOAD /opt/arm-none-linux/bin/../arm-none-linux-gnueabi/libc/armv4t/usr/lib/libc.so
START GROUP
LOAD /opt/arm-none-linux/bin/../arm-none-linux-gnueabi/libc/armv4t/lib/libc.so.6
LOAD /opt/arm-none-linux/bin/../arm-none-linux-gnueabi/libc/armv4t/usr/lib/libc_nonshared.a
LOAD /opt/arm-none-linux/bin/../arm-none-linux-gnueabi/libc/armv4t/lib/ld-linux.so.3
END GROUP
LOAD /opt/arm-none-linux/bin/../arm-none-linux-gnueabi/libc/armv4t/usr/lib/libm.so
LOAD /opt/arm-none-linux/bin/../arm-none-linux-gnueabi/libc/armv4t/usr/lib/libc.so
START GROUP
LOAD /opt/arm-none-linux/bin/../arm-none-linux-gnueabi/libc/armv4t/lib/libc.so.6
LOAD /opt/arm-none-linux/bin/../arm-none-linux-gnueabi/libc/armv4t/usr/lib/libc_nonshared.a
LOAD /opt/arm-none-linux/bin/../arm-none-linux-gnueabi/libc/armv4t/lib/ld-linux.so.3
END GROUP
LOAD /opt/arm-none-linux/bin/../lib/gcc/arm-none-linux-gnueabi/4.5.2/armv4t/libgcc.a
LOAD /opt/arm-none-linux/bin/../lib/gcc/arm-none-linux-gnueabi/4.5.2/armv4t/libgcc.a
LOAD /opt/arm-none-linux/bin/../arm-none-linux-gnueabi/libc/armv4t/lib/libgcc_s.so
START GROUP
LOAD /opt/arm-none-linux/bin/../arm-none-linux-gnueabi/libc/armv4t/lib/libgcc_s.so.1
LOAD /opt/arm-none-linux/bin/../lib/gcc/arm-none-linux-gnueabi/4.5.2/armv4t/libgcc.a
END GROUP
LOAD /opt/arm-none-linux/bin/../arm-none-linux-gnueabi/libc/armv4t/usr/lib/libc.so
START GROUP
LOAD /opt/arm-none-linux/bin/../arm-none-linux-gnueabi/libc/armv4t/lib/libc.so.6
LOAD /opt/arm-none-linux/bin/../arm-none-linux-gnueabi/libc/armv4t/usr/lib/libc_nonshared.a
LOAD /opt/arm-none-linux/bin/../arm-none-linux-gnueabi/libc/armv4t/lib/ld-linux.so.3
END GROUP
LOAD /opt/arm-none-linux/bin/../lib/gcc/arm-none-linux-gnueabi/4.5.2/armv4t/libgcc.a
LOAD /opt/arm-none-linux/bin/../arm-none-linux-gnueabi/libc/armv4t/lib/libgcc_s.so
START GROUP
LOAD /opt/arm-none-linux/bin/../arm-none-linux-gnueabi/libc/armv4t/lib/libgcc_s.so.1
LOAD /opt/arm-none-linux/bin/../lib/gcc/arm-none-linux-gnueabi/4.5.2/armv4t/libgcc.a
END GROUP
                0x00000400                STACK_SIZE = 0x400

.text           0x00000000     0x1880
 *crt0.o(.text)
 .text          0x00000000      0x10c build/crt0.o
                0x00000000                _boot
                0x00000050                _start
                0x00000050                start
                0x00000050                _mainCRTStartup
                0x000000ec                _reset
                0x000000ec                reset
                0x000000ec                abort
                0x000000ec                exit
 *(.text)
 .text          0x0000010c     0x1760 bellator_low_level.o
                0x0000012c                i2c_read_bytes_isr
                0x000003ec                i2c_write_byte_isr
                0x000005a4                protocol_in
                0x000007a8                pulse_in
                0x000008f4                error
                0x000008f8                logger_init
                0x0000095c                log_int
                0x00000a04                log_short
                0x00000a74                log_string
                0x00000ab4                log_byte
                0x00000b04                log2bytes
                0x00000b74                log4bytes
                0x00000c1c                i2c_init
                0x00000c80                i2c_read_bytes
                0x00000cdc                i2c_read_byte
                0x00000cf4                i2c_write_byte
                0x00000d60                i2c_write_bits
                0x00000dc0                mpu_set_clock_source
                0x00000de0                mpu_set_full_scale_gyro_range
                0x00000e00                mpu_set_full_scale_accel_range
                0x00000e20                mpu_set_sleep_enable
                0x00000e40                mpu_set_temperature_sensor_enabled
                0x00000e64                mpu_set_gyro_rate
                0x00000e7c                mpu_set_DLPF_mode
                0x00000e9c                mpu_set_6axis_FIFO_enabled
                0x00000eb4                mpu_set_interrupt_mode
                0x00000ed4                mpu_set_interrupt_drive
                0x00000ef4                mpu_set_interrupt_latch
                0x00000f14                mpu_set_FIFO_overflow_interrupt
                0x00000f34                mpu_set_data_ready_interrupt
                0x00000f54                mpu_clear_interrupt
                0x00000f6c                mpu_set_FIFO_enabled
                0x00000f8c                mpu_reset_FIFO
                0x00000fac                mpu_init
                0x00001004                mpu_get_FIFO_size
                0x0000103c                mpu_get_motion6
                0x000010c4                mpu_get_FIFO_motion6
                0x0000114c                main
                0x00001658                get_ir_sensor_data
                0x00001704                get_encoders_count
                0x00001738                sample
 *(.rodata)
 .rodata        0x0000186c       0x14 bellator_low_level.o
                0x0000186c                ascii
 *(.rodata*)
 *(.glue_7)
 .glue_7        0x00000000        0x0 linker stubs
 *(.glue_7t)
 .glue_7t       0x00000000        0x0 linker stubs

.ARM.extab      0x00001880       0xfc
 .ARM.extab     0x00001880       0xfc bellator_low_level.o

.ARM.exidx      0x0000197c      0x110
 .ARM.exidx     0x0000197c      0x110 bellator_low_level.o
                                0x150 (size before relaxing)

.interp         0x00001a8c       0x13
 .interp        0x00001a8c       0x13 /opt/arm-none-linux/bin/../arm-none-linux-gnueabi/libc/armv4t/lib/libc.so.6

.gnu.version_d  0x00001aa0        0x0 load address 0x00001a9f
 .gnu.version_d
                0x00000000        0x0 /opt/arm-none-linux/bin/../arm-none-linux-gnueabi/libc/armv4t/lib/libc.so.6

.gnu.version    0x00001aa0        0xc
 .gnu.version   0x00001aa0        0xc /opt/arm-none-linux/bin/../arm-none-linux-gnueabi/libc/armv4t/lib/libc.so.6

.gnu.version_r  0x00001aac       0x20
 .gnu.version_r
                0x00001aac       0x20 /opt/arm-none-linux/bin/../arm-none-linux-gnueabi/libc/armv4t/lib/libc.so.6

.dynsym         0x00001acc       0x60
 .dynsym        0x00001acc       0x60 /opt/arm-none-linux/bin/../arm-none-linux-gnueabi/libc/armv4t/lib/libc.so.6

.dynstr         0x00001b2c       0x6a
 .dynstr        0x00001b2c       0x6a /opt/arm-none-linux/bin/../arm-none-linux-gnueabi/libc/armv4t/lib/libc.so.6

.hash           0x00001b98       0x2c
 .hash          0x00001b98       0x2c /opt/arm-none-linux/bin/../arm-none-linux-gnueabi/libc/armv4t/lib/libc.so.6

.vfp11_veneer   0x00001bc4        0x0
 .vfp11_veneer  0x00000000        0x0 linker stubs

.v4_bx          0x00001bc4        0x0
 .v4_bx         0x00000000        0x0 linker stubs

.plt            0x00001bc4        0x0
 .plt           0x00000000        0x0 /opt/arm-none-linux/bin/../arm-none-linux-gnueabi/libc/armv4t/lib/libc.so.6

.rel.dyn        0x00001bc4        0x0
 .rel.got       0x00000000        0x0 /opt/arm-none-linux/bin/../arm-none-linux-gnueabi/libc/armv4t/lib/libc.so.6
 .rel.plt       0x00000000        0x0 /opt/arm-none-linux/bin/../arm-none-linux-gnueabi/libc/armv4t/lib/libc.so.6
 .rel.bss       0x00000000        0x0 /opt/arm-none-linux/bin/../arm-none-linux-gnueabi/libc/armv4t/lib/libc.so.6
                0x00001bc4                . = ALIGN (0x4)
                0x00001bc4                _etext = .
                0x00001bc4                PROVIDE (etext, .)

.data           0x40000000        0x0 load address 0x00001bc4
                0x40000000                _data = .
 *(.data)
 .data          0x40000000        0x0 build/crt0.o
 .data          0x40000000        0x0 bellator_low_level.o

.dynamic        0x40000000       0x90 load address 0x00001bc4
 .dynamic       0x40000000       0x90 /opt/arm-none-linux/bin/../arm-none-linux-gnueabi/libc/armv4t/lib/libc.so.6
                0x40000000                _DYNAMIC

.got            0x40000090        0x0 load address 0x00001c54
 .got           0x00000000        0x0 /opt/arm-none-linux/bin/../arm-none-linux-gnueabi/libc/armv4t/lib/libc.so.6

.got.plt        0x40000090        0xc load address 0x00001c54
 .got.plt       0x40000090        0xc /opt/arm-none-linux/bin/../arm-none-linux-gnueabi/libc/armv4t/lib/libc.so.6
                0x40000090                _GLOBAL_OFFSET_TABLE_
                0x4000009c                . = ALIGN (0x4)
                0x4000009c                _edata = .
                0x4000009c                PROVIDE (edata, .)

.bss            0x4000009c      0x204 load address 0x00001c60
                0x4000009c                __bss_start = .
                0x4000009c                __bss_start__ = .
 *(.bss)
 .bss           0x4000009c        0x0 build/crt0.o
 .bss           0x4000009c      0x204 bellator_low_level.o
 *(COMMON)
                0x400002a0                . = ALIGN (0x4)
                0x400002a0                __bss_end__ = .
                0x400002a0                PROVIDE (__bss_end, .)

.dynbss         0x400002a0        0x0 load address 0x00001e64
 .dynbss        0x00000000        0x0 /opt/arm-none-linux/bin/../arm-none-linux-gnueabi/libc/armv4t/lib/libc.so.6
                0x400002a0                . = ALIGN (0x4)

.stack          0x400002a0      0x400 load address 0x00001e64
                0x400006a0                . = (. + STACK_SIZE)
 *fill*         0x400002a0      0x400 00
                0x400006a0                PROVIDE (_stack, .)
                0x400006a0                _end = .
                0x400006a0                PROVIDE (end, .)

.stab
 *(.stab)

.stabstr
 *(.stabstr)

.stab.excl
 *(.stab.excl)

.stab.exclstr
 *(.stab.exclstr)

.stab.index
 *(.stab.index)

.stab.indexstr
 *(.stab.indexstr)

.ARM.attributes
                0x00000000       0x2e
 .ARM.attributes
                0x00000000       0x22 build/crt0.o
 .ARM.attributes
                0x00000022       0x32 bellator_low_level.o

.note.GNU-stack
                0x00000000        0x0
 .note.GNU-stack
                0x00000000        0x0 bellator_low_level.o

.comment        0x00000000       0x2a
 *(.comment)
 .comment       0x00000000       0x2a bellator_low_level.o
                                 0x2b (size before relaxing)

.debug
 *(.debug)

.line
 *(.line)

.debug_srcinfo
 *(.debug_srcinfo)

.debug_sfnames
 *(.debug_sfnames)

.debug_aranges  0x00000000       0x40
 *(.debug_aranges)
 .debug_aranges
                0x00000000       0x20 build/crt0.o
 .debug_aranges
                0x00000020       0x20 bellator_low_level.o

.debug_pubnames
                0x00000000      0x382
 *(.debug_pubnames)
 .debug_pubnames
                0x00000000      0x382 bellator_low_level.o

.debug_info     0x00000000      0xe17
 *(.debug_info .gnu.linkonce.wi.*)
 .debug_info    0x00000000       0x97 build/crt0.o
 .debug_info    0x00000097      0xd80 bellator_low_level.o

.debug_abbrev   0x00000000      0x3ac
 *(.debug_abbrev)
 .debug_abbrev  0x00000000       0x14 build/crt0.o
 .debug_abbrev  0x00000014      0x398 bellator_low_level.o

.debug_line     0x00000000      0x3df
 *(.debug_line)
 .debug_line    0x00000000       0x77 build/crt0.o
 .debug_line    0x00000077      0x368 bellator_low_level.o

.debug_frame    0x00000000      0x4cc
 *(.debug_frame)
 .debug_frame   0x00000000      0x4cc bellator_low_level.o

.debug_str      0x00000000      0x5c6
 *(.debug_str)
 .debug_str     0x00000000      0x5c6 bellator_low_level.o
                                0x633 (size before relaxing)

.debug_loc      0x00000000      0xb47
 *(.debug_loc)
 .debug_loc     0x00000000      0xb47 bellator_low_level.o

.debug_macinfo
 *(.debug_macinfo)

.debug_weaknames
 *(.debug_weaknames)

.debug_funcnames
 *(.debug_funcnames)

.debug_typenames
 *(.debug_typenames)

.debug_varnames
 *(.debug_varnames)
OUTPUT(bellator_low_level.elf elf32-littlearm)

.debug_pubtypes
                0x00000000       0x30
 .debug_pubtypes
                0x00000000       0x30 bellator_low_level.o

.debug_ranges   0x00000000       0x80
 .debug_ranges  0x00000000       0x80 bellator_low_level.o

Cross Reference Table

Symbol                                            File
EGLIBC_DYNAMIC_CONF_1.0                           /opt/arm-none-linux/bin/../arm-none-linux-gnueabi/libc/armv4t/lib/libc.so.6
GCC_3.0                                           /opt/arm-none-linux/bin/../arm-none-linux-gnueabi/libc/armv4t/lib/libgcc_s.so.1
GCC_3.3                                           /opt/arm-none-linux/bin/../arm-none-linux-gnueabi/libc/armv4t/lib/libgcc_s.so.1
GCC_3.3.1                                         /opt/arm-none-linux/bin/../arm-none-linux-gnueabi/libc/armv4t/lib/libgcc_s.so.1
GCC_3.3.4                                         /opt/arm-none-linux/bin/../arm-none-linux-gnueabi/libc/armv4t/lib/libgcc_s.so.1
GCC_3.4                                           /opt/arm-none-linux/bin/../arm-none-linux-gnueabi/libc/armv4t/lib/libgcc_s.so.1
GCC_3.4.2                                         /opt/arm-none-linux/bin/../arm-none-linux-gnueabi/libc/armv4t/lib/libgcc_s.so.1
GCC_3.5                                           /opt/arm-none-linux/bin/../arm-none-linux-gnueabi/libc/armv4t/lib/libgcc_s.so.1
GCC_4.0.0                                         /opt/arm-none-linux/bin/../arm-none-linux-gnueabi/libc/armv4t/lib/libgcc_s.so.1
GCC_4.2.0                                         /opt/arm-none-linux/bin/../arm-none-linux-gnueabi/libc/armv4t/lib/libgcc_s.so.1
GCC_4.3.0                                         /opt/arm-none-linux/bin/../arm-none-linux-gnueabi/libc/armv4t/lib/libgcc_s.so.1
GLIBC_2.0                                         /opt/arm-none-linux/bin/../arm-none-linux-gnueabi/libc/armv4t/lib/libgcc_s.so.1
GLIBC_2.10                                        /opt/arm-none-linux/bin/../arm-none-linux-gnueabi/libc/armv4t/lib/libc.so.6
GLIBC_2.11                                        /opt/arm-none-linux/bin/../arm-none-linux-gnueabi/libc/armv4t/lib/libc.so.6
GLIBC_2.12                                        /opt/arm-none-linux/bin/../arm-none-linux-gnueabi/libc/armv4t/lib/libc.so.6
GLIBC_2.13                                        /opt/arm-none-linux/bin/../arm-none-linux-gnueabi/libc/armv4t/lib/libc.so.6
GLIBC_2.4                                         /opt/arm-none-linux/bin/../arm-none-linux-gnueabi/libc/armv4t/lib/libc.so.6
                                                  /opt/arm-none-linux/bin/../arm-none-linux-gnueabi/libc/armv4t/lib/ld-linux.so.3
                                                  /opt/arm-none-linux/bin/../arm-none-linux-gnueabi/libc/armv4t/usr/lib/libm.so
GLIBC_2.5                                         /opt/arm-none-linux/bin/../arm-none-linux-gnueabi/libc/armv4t/lib/libc.so.6
GLIBC_2.6                                         /opt/arm-none-linux/bin/../arm-none-linux-gnueabi/libc/armv4t/lib/libc.so.6
GLIBC_2.7                                         /opt/arm-none-linux/bin/../arm-none-linux-gnueabi/libc/armv4t/lib/libc.so.6
GLIBC_2.8                                         /opt/arm-none-linux/bin/../arm-none-linux-gnueabi/libc/armv4t/lib/libc.so.6
GLIBC_2.9                                         /opt/arm-none-linux/bin/../arm-none-linux-gnueabi/libc/armv4t/lib/libc.so.6
GLIBC_PRIVATE                                     /opt/arm-none-linux/bin/../arm-none-linux-gnueabi/libc/armv4t/lib/libc.so.6
                                                  /opt/arm-none-linux/bin/../arm-none-linux-gnueabi/libc/armv4t/lib/ld-linux.so.3
_Exit                                             /opt/arm-none-linux/bin/../arm-none-linux-gnueabi/libc/armv4t/lib/libc.so.6
_Exit@@GLIBC_2.4                                  /opt/arm-none-linux/bin/../arm-none-linux-gnueabi/libc/armv4t/lib/libc.so.6
_Exit@GLIBC_2.4                                   /opt/arm-none-linux/bin/../arm-none-linux-gnueabi/libc/armv4t/lib/libc.so.6
_IO_fprintf                                       /opt/arm-none-linux/bin/../arm-none-linux-gnueabi/libc/armv4t/lib/libc.so.6
_IO_fprintf@@GLIBC_2.4                            /opt/arm-none-linux/bin/../arm-none-linux-gnueabi/libc/armv4t/lib/libc.so.6
_IO_fprintf@GLIBC_2.4                             /opt/arm-none-linux/bin/../arm-none-linux-gnueabi/libc/armv4t/lib/libc.so.6
_Jv_RegisterClasses                               /opt/arm-none-linux/bin/../arm-none-linux-gnueabi/libc/armv4t/lib/libgcc_s.so.1
                                                  /opt/arm-none-linux/bin/../arm-none-linux-gnueabi/libc/armv4t/usr/lib/libm.so
__aeabi_idiv0                                     /opt/arm-none-linux/bin/../arm-none-linux-gnueabi/libc/armv4t/lib/libgcc_s.so.1
__aeabi_idiv0@@GCC_3.5                            /opt/arm-none-linux/bin/../arm-none-linux-gnueabi/libc/armv4t/lib/libgcc_s.so.1
__aeabi_idiv0@GCC_3.5                             /opt/arm-none-linux/bin/../arm-none-linux-gnueabi/libc/armv4t/lib/libgcc_s.so.1
__aeabi_ldiv0                                     /opt/arm-none-linux/bin/../arm-none-linux-gnueabi/libc/armv4t/lib/libgcc_s.so.1
__aeabi_ldiv0@@GCC_3.5                            /opt/arm-none-linux/bin/../arm-none-linux-gnueabi/libc/armv4t/lib/libgcc_s.so.1
__aeabi_ldiv0@GCC_3.5                             /opt/arm-none-linux/bin/../arm-none-linux-gnueabi/libc/armv4t/lib/libgcc_s.so.1
__aeabi_unwind_cpp_pr1                            /opt/arm-none-linux/bin/../arm-none-linux-gnueabi/libc/armv4t/lib/libgcc_s.so.1
                                                  bellator_low_level.o
__aeabi_unwind_cpp_pr1@@GCC_3.5                   /opt/arm-none-linux/bin/../arm-none-linux-gnueabi/libc/armv4t/lib/libgcc_s.so.1
__aeabi_unwind_cpp_pr1@GCC_3.5                    /opt/arm-none-linux/bin/../arm-none-linux-gnueabi/libc/armv4t/lib/libgcc_s.so.1
__aeabi_unwind_cpp_pr2                            /opt/arm-none-linux/bin/../arm-none-linux-gnueabi/libc/armv4t/lib/libgcc_s.so.1
__aeabi_unwind_cpp_pr2@@GCC_3.5                   /opt/arm-none-linux/bin/../arm-none-linux-gnueabi/libc/armv4t/lib/libgcc_s.so.1
__aeabi_unwind_cpp_pr2@GCC_3.5                    /opt/arm-none-linux/bin/../arm-none-linux-gnueabi/libc/armv4t/lib/libgcc_s.so.1
__after_morecore_hook                             /opt/arm-none-linux/bin/../arm-none-linux-gnueabi/libc/armv4t/lib/libc.so.6
__after_morecore_hook@@GLIBC_2.4                  /opt/arm-none-linux/bin/../arm-none-linux-gnueabi/libc/armv4t/lib/libc.so.6
__after_morecore_hook@GLIBC_2.4                   /opt/arm-none-linux/bin/../arm-none-linux-gnueabi/libc/armv4t/lib/libc.so.6
__bss_end__                                       build/crt0.o
__bss_start                                       build/crt0.o
__close                                           /opt/arm-none-linux/bin/../arm-none-linux-gnueabi/libc/armv4t/lib/libc.so.6
__close@@GLIBC_2.4                                /opt/arm-none-linux/bin/../arm-none-linux-gnueabi/libc/armv4t/lib/libc.so.6
__close@GLIBC_2.4                                 /opt/arm-none-linux/bin/../arm-none-linux-gnueabi/libc/armv4t/lib/libc.so.6
__connect                                         /opt/arm-none-linux/bin/../arm-none-linux-gnueabi/libc/armv4t/lib/libc.so.6
__connect@@GLIBC_2.4                              /opt/arm-none-linux/bin/../arm-none-linux-gnueabi/libc/armv4t/lib/libc.so.6
__connect@GLIBC_2.4                               /opt/arm-none-linux/bin/../arm-none-linux-gnueabi/libc/armv4t/lib/libc.so.6
__ctype_get_mb_cur_max                            /opt/arm-none-linux/bin/../arm-none-linux-gnueabi/libc/armv4t/lib/libc.so.6
__ctype_get_mb_cur_max@@GLIBC_2.4                 /opt/arm-none-linux/bin/../arm-none-linux-gnueabi/libc/armv4t/lib/libc.so.6
__ctype_get_mb_cur_max@GLIBC_2.4                  /opt/arm-none-linux/bin/../arm-none-linux-gnueabi/libc/armv4t/lib/libc.so.6
__cxa_begin_cleanup                               /opt/arm-none-linux/bin/../arm-none-linux-gnueabi/libc/armv4t/lib/libgcc_s.so.1
                                                  /opt/arm-none-linux/bin/../arm-none-linux-gnueabi/libc/armv4t/usr/lib/libm.so
__cxa_call_unexpected                             /opt/arm-none-linux/bin/../arm-none-linux-gnueabi/libc/armv4t/lib/libgcc_s.so.1
                                                  /opt/arm-none-linux/bin/../arm-none-linux-gnueabi/libc/armv4t/usr/lib/libm.so
__cxa_type_match                                  /opt/arm-none-linux/bin/../arm-none-linux-gnueabi/libc/armv4t/lib/libgcc_s.so.1
                                                  /opt/arm-none-linux/bin/../arm-none-linux-gnueabi/libc/armv4t/usr/lib/libm.so
__fcntl                                           /opt/arm-none-linux/bin/../arm-none-linux-gnueabi/libc/armv4t/lib/libc.so.6
__fcntl@@GLIBC_2.4                                /opt/arm-none-linux/bin/../arm-none-linux-gnueabi/libc/armv4t/lib/libc.so.6
__fcntl@GLIBC_2.4                                 /opt/arm-none-linux/bin/../arm-none-linux-gnueabi/libc/armv4t/lib/libc.so.6
__free_hook                                       /opt/arm-none-linux/bin/../arm-none-linux-gnueabi/libc/armv4t/lib/libc.so.6
__free_hook@@GLIBC_2.4                            /opt/arm-none-linux/bin/../arm-none-linux-gnueabi/libc/armv4t/lib/libc.so.6
__free_hook@GLIBC_2.4                             /opt/arm-none-linux/bin/../arm-none-linux-gnueabi/libc/armv4t/lib/libc.so.6
__getdelim                                        /opt/arm-none-linux/bin/../arm-none-linux-gnueabi/libc/armv4t/lib/libc.so.6
__getdelim@@GLIBC_2.4                             /opt/arm-none-linux/bin/../arm-none-linux-gnueabi/libc/armv4t/lib/libc.so.6
__getdelim@GLIBC_2.4                              /opt/arm-none-linux/bin/../arm-none-linux-gnueabi/libc/armv4t/lib/libc.so.6
__gmon_start__                                    /opt/arm-none-linux/bin/../arm-none-linux-gnueabi/libc/armv4t/lib/libgcc_s.so.1
                                                  /opt/arm-none-linux/bin/../arm-none-linux-gnueabi/libc/armv4t/usr/lib/libm.so
__isascii_l                                       /opt/arm-none-linux/bin/../arm-none-linux-gnueabi/libc/armv4t/lib/libc.so.6
__isascii_l@@GLIBC_2.4                            /opt/arm-none-linux/bin/../arm-none-linux-gnueabi/libc/armv4t/lib/libc.so.6
__isascii_l@GLIBC_2.4                             /opt/arm-none-linux/bin/../arm-none-linux-gnueabi/libc/armv4t/lib/libc.so.6
__lseek                                           /opt/arm-none-linux/bin/../arm-none-linux-gnueabi/libc/armv4t/lib/libc.so.6
__lseek@@GLIBC_2.4                                /opt/arm-none-linux/bin/../arm-none-linux-gnueabi/libc/armv4t/lib/libc.so.6
__lseek@GLIBC_2.4                                 /opt/arm-none-linux/bin/../arm-none-linux-gnueabi/libc/armv4t/lib/libc.so.6
__malloc_hook                                     /opt/arm-none-linux/bin/../arm-none-linux-gnueabi/libc/armv4t/lib/libc.so.6
__malloc_hook@@GLIBC_2.4                          /opt/arm-none-linux/bin/../arm-none-linux-gnueabi/libc/armv4t/lib/libc.so.6
__malloc_hook@GLIBC_2.4                           /opt/arm-none-linux/bin/../arm-none-linux-gnueabi/libc/armv4t/lib/libc.so.6
__malloc_initialize_hook                          /opt/arm-none-linux/bin/../arm-none-linux-gnueabi/libc/armv4t/lib/libc.so.6
__malloc_initialize_hook@@GLIBC_2.4               /opt/arm-none-linux/bin/../arm-none-linux-gnueabi/libc/armv4t/lib/libc.so.6
__malloc_initialize_hook@GLIBC_2.4                /opt/arm-none-linux/bin/../arm-none-linux-gnueabi/libc/armv4t/lib/libc.so.6
__memalign_hook                                   /opt/arm-none-linux/bin/../arm-none-linux-gnueabi/libc/armv4t/lib/libc.so.6
__memalign_hook@@GLIBC_2.4                        /opt/arm-none-linux/bin/../arm-none-linux-gnueabi/libc/armv4t/lib/libc.so.6
__memalign_hook@GLIBC_2.4                         /opt/arm-none-linux/bin/../arm-none-linux-gnueabi/libc/armv4t/lib/libc.so.6
__nanosleep                                       /opt/arm-none-linux/bin/../arm-none-linux-gnueabi/libc/armv4t/lib/libc.so.6
__nanosleep@@GLIBC_2.4                            /opt/arm-none-linux/bin/../arm-none-linux-gnueabi/libc/armv4t/lib/libc.so.6
__nanosleep@GLIBC_2.4                             /opt/arm-none-linux/bin/../arm-none-linux-gnueabi/libc/armv4t/lib/libc.so.6
__open                                            /opt/arm-none-linux/bin/../arm-none-linux-gnueabi/libc/armv4t/lib/libc.so.6
__open64                                          /opt/arm-none-linux/bin/../arm-none-linux-gnueabi/libc/armv4t/lib/libc.so.6
__open64@@GLIBC_2.4                               /opt/arm-none-linux/bin/../arm-none-linux-gnueabi/libc/armv4t/lib/libc.so.6
__open64@GLIBC_2.4                                /opt/arm-none-linux/bin/../arm-none-linux-gnueabi/libc/armv4t/lib/libc.so.6
__open@@GLIBC_2.4                                 /opt/arm-none-linux/bin/../arm-none-linux-gnueabi/libc/armv4t/lib/libc.so.6
__open@GLIBC_2.4                                  /opt/arm-none-linux/bin/../arm-none-linux-gnueabi/libc/armv4t/lib/libc.so.6
__pread64                                         /opt/arm-none-linux/bin/../arm-none-linux-gnueabi/libc/armv4t/lib/libc.so.6
__pread64@@GLIBC_2.4                              /opt/arm-none-linux/bin/../arm-none-linux-gnueabi/libc/armv4t/lib/libc.so.6
__pread64@GLIBC_2.4                               /opt/arm-none-linux/bin/../arm-none-linux-gnueabi/libc/armv4t/lib/libc.so.6
__pwrite64                                        /opt/arm-none-linux/bin/../arm-none-linux-gnueabi/libc/armv4t/lib/libc.so.6
__pwrite64@@GLIBC_2.4                             /opt/arm-none-linux/bin/../arm-none-linux-gnueabi/libc/armv4t/lib/libc.so.6
__pwrite64@GLIBC_2.4                              /opt/arm-none-linux/bin/../arm-none-linux-gnueabi/libc/armv4t/lib/libc.so.6
__read                                            /opt/arm-none-linux/bin/../arm-none-linux-gnueabi/libc/armv4t/lib/libc.so.6
__read@@GLIBC_2.4                                 /opt/arm-none-linux/bin/../arm-none-linux-gnueabi/libc/armv4t/lib/libc.so.6
__read@GLIBC_2.4                                  /opt/arm-none-linux/bin/../arm-none-linux-gnueabi/libc/armv4t/lib/libc.so.6
__realloc_hook                                    /opt/arm-none-linux/bin/../arm-none-linux-gnueabi/libc/armv4t/lib/libc.so.6
__realloc_hook@@GLIBC_2.4                         /opt/arm-none-linux/bin/../arm-none-linux-gnueabi/libc/armv4t/lib/libc.so.6
__realloc_hook@GLIBC_2.4                          /opt/arm-none-linux/bin/../arm-none-linux-gnueabi/libc/armv4t/lib/libc.so.6
__send                                            /opt/arm-none-linux/bin/../arm-none-linux-gnueabi/libc/armv4t/lib/libc.so.6
__send@@GLIBC_2.4                                 /opt/arm-none-linux/bin/../arm-none-linux-gnueabi/libc/armv4t/lib/libc.so.6
__send@GLIBC_2.4                                  /opt/arm-none-linux/bin/../arm-none-linux-gnueabi/libc/armv4t/lib/libc.so.6
__sigaction                                       /opt/arm-none-linux/bin/../arm-none-linux-gnueabi/libc/armv4t/lib/libc.so.6
__sigaction@@GLIBC_2.4                            /opt/arm-none-linux/bin/../arm-none-linux-gnueabi/libc/armv4t/lib/libc.so.6
__sigaction@GLIBC_2.4                             /opt/arm-none-linux/bin/../arm-none-linux-gnueabi/libc/armv4t/lib/libc.so.6
__toascii_l                                       /opt/arm-none-linux/bin/../arm-none-linux-gnueabi/libc/armv4t/lib/libc.so.6
__toascii_l@@GLIBC_2.4                            /opt/arm-none-linux/bin/../arm-none-linux-gnueabi/libc/armv4t/lib/libc.so.6
__toascii_l@GLIBC_2.4                             /opt/arm-none-linux/bin/../arm-none-linux-gnueabi/libc/armv4t/lib/libc.so.6
__vsnprintf                                       /opt/arm-none-linux/bin/../arm-none-linux-gnueabi/libc/armv4t/lib/libc.so.6
__vsnprintf@@GLIBC_2.4                            /opt/arm-none-linux/bin/../arm-none-linux-gnueabi/libc/armv4t/lib/libc.so.6
__vsnprintf@GLIBC_2.4                             /opt/arm-none-linux/bin/../arm-none-linux-gnueabi/libc/armv4t/lib/libc.so.6
__vsscanf                                         /opt/arm-none-linux/bin/../arm-none-linux-gnueabi/libc/armv4t/lib/libc.so.6
__vsscanf@@GLIBC_2.4                              /opt/arm-none-linux/bin/../arm-none-linux-gnueabi/libc/armv4t/lib/libc.so.6
__vsscanf@GLIBC_2.4                               /opt/arm-none-linux/bin/../arm-none-linux-gnueabi/libc/armv4t/lib/libc.so.6
__wait                                            /opt/arm-none-linux/bin/../arm-none-linux-gnueabi/libc/armv4t/lib/libc.so.6
__wait@@GLIBC_2.4                                 /opt/arm-none-linux/bin/../arm-none-linux-gnueabi/libc/armv4t/lib/libc.so.6
__wait@GLIBC_2.4                                  /opt/arm-none-linux/bin/../arm-none-linux-gnueabi/libc/armv4t/lib/libc.so.6
__waitpid                                         /opt/arm-none-linux/bin/../arm-none-linux-gnueabi/libc/armv4t/lib/libc.so.6
__waitpid@@GLIBC_2.4                              /opt/arm-none-linux/bin/../arm-none-linux-gnueabi/libc/armv4t/lib/libc.so.6
__waitpid@GLIBC_2.4                               /opt/arm-none-linux/bin/../arm-none-linux-gnueabi/libc/armv4t/lib/libc.so.6
__write                                           /opt/arm-none-linux/bin/../arm-none-linux-gnueabi/libc/armv4t/lib/libc.so.6
__write@@GLIBC_2.4                                /opt/arm-none-linux/bin/../arm-none-linux-gnueabi/libc/armv4t/lib/libc.so.6
__write@GLIBC_2.4                                 /opt/arm-none-linux/bin/../arm-none-linux-gnueabi/libc/armv4t/lib/libc.so.6
__xpg_sigpause                                    /opt/arm-none-linux/bin/../arm-none-linux-gnueabi/libc/armv4t/lib/libc.so.6
__xpg_sigpause@@GLIBC_2.4                         /opt/arm-none-linux/bin/../arm-none-linux-gnueabi/libc/armv4t/lib/libc.so.6
__xpg_sigpause@GLIBC_2.4                          /opt/arm-none-linux/bin/../arm-none-linux-gnueabi/libc/armv4t/lib/libc.so.6
_boot                                             build/crt0.o
_data                                             build/crt0.o
_dl_starting_up                                   /opt/arm-none-linux/bin/../arm-none-linux-gnueabi/libc/armv4t/lib/libc.so.6
_edata                                            build/crt0.o
_environ                                          /opt/arm-none-linux/bin/../arm-none-linux-gnueabi/libc/armv4t/lib/libc.so.6
_environ@@GLIBC_2.4                               /opt/arm-none-linux/bin/../arm-none-linux-gnueabi/libc/armv4t/lib/libc.so.6
_environ@GLIBC_2.4                                /opt/arm-none-linux/bin/../arm-none-linux-gnueabi/libc/armv4t/lib/libc.so.6
_etext                                            build/crt0.o
_flushlbf                                         /opt/arm-none-linux/bin/../arm-none-linux-gnueabi/libc/armv4t/lib/libc.so.6
_flushlbf@@GLIBC_2.4                              /opt/arm-none-linux/bin/../arm-none-linux-gnueabi/libc/armv4t/lib/libc.so.6
_flushlbf@GLIBC_2.4                               /opt/arm-none-linux/bin/../arm-none-linux-gnueabi/libc/armv4t/lib/libc.so.6
_longjmp                                          /opt/arm-none-linux/bin/../arm-none-linux-gnueabi/libc/armv4t/lib/libc.so.6
_longjmp@@GLIBC_2.4                               /opt/arm-none-linux/bin/../arm-none-linux-gnueabi/libc/armv4t/lib/libc.so.6
_longjmp@GLIBC_2.4                                /opt/arm-none-linux/bin/../arm-none-linux-gnueabi/libc/armv4t/lib/libc.so.6
_mainCRTStartup                                   build/crt0.o
_reset                                            build/crt0.o
_stack                                            build/crt0.o
_start                                            build/crt0.o
abort                                             build/crt0.o
abort@@GLIBC_2.4                                  /opt/arm-none-linux/bin/../arm-none-linux-gnueabi/libc/armv4t/lib/libc.so.6
abort@GLIBC_2.4                                   /opt/arm-none-linux/bin/../arm-none-linux-gnueabi/libc/armv4t/lib/libc.so.6
                                                  /opt/arm-none-linux/bin/../arm-none-linux-gnueabi/libc/armv4t/lib/libgcc_s.so.1
                                                  /opt/arm-none-linux/bin/../arm-none-linux-gnueabi/libc/armv4t/usr/lib/libm.so
accept                                            /opt/arm-none-linux/bin/../arm-none-linux-gnueabi/libc/armv4t/lib/libc.so.6
accept@@GLIBC_2.4                                 /opt/arm-none-linux/bin/../arm-none-linux-gnueabi/libc/armv4t/lib/libc.so.6
accept@GLIBC_2.4                                  /opt/arm-none-linux/bin/../arm-none-linux-gnueabi/libc/armv4t/lib/libc.so.6
access                                            /opt/arm-none-linux/bin/../arm-none-linux-gnueabi/libc/armv4t/lib/libc.so.6
access@@GLIBC_2.4                                 /opt/arm-none-linux/bin/../arm-none-linux-gnueabi/libc/armv4t/lib/libc.so.6
access@GLIBC_2.4                                  /opt/arm-none-linux/bin/../arm-none-linux-gnueabi/libc/armv4t/lib/libc.so.6
acos                                              /opt/arm-none-linux/bin/../arm-none-linux-gnueabi/libc/armv4t/usr/lib/libm.so
acos@@GLIBC_2.4                                   /opt/arm-none-linux/bin/../arm-none-linux-gnueabi/libc/armv4t/usr/lib/libm.so
acos@GLIBC_2.4                                    /opt/arm-none-linux/bin/../arm-none-linux-gnueabi/libc/armv4t/usr/lib/libm.so
acosf                                             /opt/arm-none-linux/bin/../arm-none-linux-gnueabi/libc/armv4t/usr/lib/libm.so
acosf@@GLIBC_2.4                                  /opt/arm-none-linux/bin/../arm-none-linux-gnueabi/libc/armv4t/usr/lib/libm.so
acosf@GLIBC_2.4                                   /opt/arm-none-linux/bin/../arm-none-linux-gnueabi/libc/armv4t/usr/lib/libm.so
acosh                                             /opt/arm-none-linux/bin/../arm-none-linux-gnueabi/libc/armv4t/usr/lib/libm.so
acosh@@GLIBC_2.4                                  /opt/arm-none-linux/bin/../arm-none-linux-gnueabi/libc/armv4t/usr/lib/libm.so
acosh@GLIBC_2.4                                   /opt/arm-none-linux/bin/../arm-none-linux-gnueabi/libc/armv4t/usr/lib/libm.so
acoshf                                            /opt/arm-none-linux/bin/../arm-none-linux-gnueabi/libc/armv4t/usr/lib/libm.so
acoshf@@GLIBC_2.4                                 /opt/arm-none-linux/bin/../arm-none-linux-gnueabi/libc/armv4t/usr/lib/libm.so
acoshf@GLIBC_2.4                                  /opt/arm-none-linux/bin/../arm-none-linux-gnueabi/libc/armv4t/usr/lib/libm.so
acoshl                                            /opt/arm-none-linux/bin/../arm-none-linux-gnueabi/libc/armv4t/usr/lib/libm.so
acoshl@@GLIBC_2.4                                 /opt/arm-none-linux/bin/../arm-none-linux-gnueabi/libc/armv4t/usr/lib/libm.so
acoshl@GLIBC_2.4                                  /opt/arm-none-linux/bin/../arm-none-linux-gnueabi/libc/armv4t/usr/lib/libm.so
acosl                                             /opt/arm-none-linux/bin/../arm-none-linux-gnueabi/libc/armv4t/usr/lib/libm.so
acosl@@GLIBC_2.4                                  /opt/arm-none-linux/bin/../arm-none-linux-gnueabi/libc/armv4t/usr/lib/libm.so
acosl@GLIBC_2.4                                   /opt/arm-none-linux/bin/../arm-none-linux-gnueabi/libc/armv4t/usr/lib/libm.so
addmntent                                         /opt/arm-none-linux/bin/../arm-none-linux-gnueabi/libc/armv4t/lib/libc.so.6
addmntent@@GLIBC_2.4                              /opt/arm-none-linux/bin/../arm-none-linux-gnueabi/libc/armv4t/lib/libc.so.6
addmntent@GLIBC_2.4                               /opt/arm-none-linux/bin/../arm-none-linux-gnueabi/libc/armv4t/lib/libc.so.6
adjtime                                           /opt/arm-none-linux/bin/../arm-none-linux-gnueabi/libc/armv4t/lib/libc.so.6
adjtime@@GLIBC_2.4                                /opt/arm-none-linux/bin/../arm-none-linux-gnueabi/libc/armv4t/lib/libc.so.6
adjtime@GLIBC_2.4                                 /opt/arm-none-linux/bin/../arm-none-linux-gnueabi/libc/armv4t/lib/libc.so.6
adjtimex                                          /opt/arm-none-linux/bin/../arm-none-linux-gnueabi/libc/armv4t/lib/libc.so.6
adjtimex@@GLIBC_2.4                               /opt/arm-none-linux/bin/../arm-none-linux-gnueabi/libc/armv4t/lib/libc.so.6
adjtimex@GLIBC_2.4                                /opt/arm-none-linux/bin/../arm-none-linux-gnueabi/libc/armv4t/lib/libc.so.6
advance                                           /opt/arm-none-linux/bin/../arm-none-linux-gnueabi/libc/armv4t/lib/libc.so.6
advance@@GLIBC_2.4                                /opt/arm-none-linux/bin/../arm-none-linux-gnueabi/libc/armv4t/lib/libc.so.6
advance@GLIBC_2.4                                 /opt/arm-none-linux/bin/../arm-none-linux-gnueabi/libc/armv4t/lib/libc.so.6
argp_error                                        /opt/arm-none-linux/bin/../arm-none-linux-gnueabi/libc/armv4t/lib/libc.so.6
argp_error@@GLIBC_2.4                             /opt/arm-none-linux/bin/../arm-none-linux-gnueabi/libc/armv4t/lib/libc.so.6
argp_error@GLIBC_2.4                              /opt/arm-none-linux/bin/../arm-none-linux-gnueabi/libc/armv4t/lib/libc.so.6
argp_failure                                      /opt/arm-none-linux/bin/../arm-none-linux-gnueabi/libc/armv4t/lib/libc.so.6
argp_failure@@GLIBC_2.4                           /opt/arm-none-linux/bin/../arm-none-linux-gnueabi/libc/armv4t/lib/libc.so.6
argp_failure@GLIBC_2.4                            /opt/arm-none-linux/bin/../arm-none-linux-gnueabi/libc/armv4t/lib/libc.so.6
argp_help                                         /opt/arm-none-linux/bin/../arm-none-linux-gnueabi/libc/armv4t/lib/libc.so.6
argp_help@@GLIBC_2.4                              /opt/arm-none-linux/bin/../arm-none-linux-gnueabi/libc/armv4t/lib/libc.so.6
argp_help@GLIBC_2.4                               /opt/arm-none-linux/bin/../arm-none-linux-gnueabi/libc/armv4t/lib/libc.so.6
argp_parse                                        /opt/arm-none-linux/bin/../arm-none-linux-gnueabi/libc/armv4t/lib/libc.so.6
argp_parse@@GLIBC_2.4                             /opt/arm-none-linux/bin/../arm-none-linux-gnueabi/libc/armv4t/lib/libc.so.6
argp_parse@GLIBC_2.4                              /opt/arm-none-linux/bin/../arm-none-linux-gnueabi/libc/armv4t/lib/libc.so.6
argp_state_help                                   /opt/arm-none-linux/bin/../arm-none-linux-gnueabi/libc/armv4t/lib/libc.so.6
argp_state_help@@GLIBC_2.4                        /opt/arm-none-linux/bin/../arm-none-linux-gnueabi/libc/armv4t/lib/libc.so.6
argp_state_help@GLIBC_2.4                         /opt/arm-none-linux/bin/../arm-none-linux-gnueabi/libc/armv4t/lib/libc.so.6
argp_usage                                        /opt/arm-none-linux/bin/../arm-none-linux-gnueabi/libc/armv4t/lib/libc.so.6
argp_usage@@GLIBC_2.4                             /opt/arm-none-linux/bin/../arm-none-linux-gnueabi/libc/armv4t/lib/libc.so.6
argp_usage@GLIBC_2.4                              /opt/arm-none-linux/bin/../arm-none-linux-gnueabi/libc/armv4t/lib/libc.so.6
argz_add                                          /opt/arm-none-linux/bin/../arm-none-linux-gnueabi/libc/armv4t/lib/libc.so.6
argz_add@@GLIBC_2.4                               /opt/arm-none-linux/bin/../arm-none-linux-gnueabi/libc/armv4t/lib/libc.so.6
argz_add@GLIBC_2.4                                /opt/arm-none-linux/bin/../arm-none-linux-gnueabi/libc/armv4t/lib/libc.so.6
argz_add_sep                                      /opt/arm-none-linux/bin/../arm-none-linux-gnueabi/libc/armv4t/lib/libc.so.6
argz_add_sep@@GLIBC_2.4                           /opt/arm-none-linux/bin/../arm-none-linux-gnueabi/libc/armv4t/lib/libc.so.6
argz_add_sep@GLIBC_2.4                            /opt/arm-none-linux/bin/../arm-none-linux-gnueabi/libc/armv4t/lib/libc.so.6
argz_append                                       /opt/arm-none-linux/bin/../arm-none-linux-gnueabi/libc/armv4t/lib/libc.so.6
argz_append@@GLIBC_2.4                            /opt/arm-none-linux/bin/../arm-none-linux-gnueabi/libc/armv4t/lib/libc.so.6
argz_append@GLIBC_2.4                             /opt/arm-none-linux/bin/../arm-none-linux-gnueabi/libc/armv4t/lib/libc.so.6
argz_count                                        /opt/arm-none-linux/bin/../arm-none-linux-gnueabi/libc/armv4t/lib/libc.so.6
argz_count@@GLIBC_2.4                             /opt/arm-none-linux/bin/../arm-none-linux-gnueabi/libc/armv4t/lib/libc.so.6
argz_count@GLIBC_2.4                              /opt/arm-none-linux/bin/../arm-none-linux-gnueabi/libc/armv4t/lib/libc.so.6
argz_create                                       /opt/arm-none-linux/bin/../arm-none-linux-gnueabi/libc/armv4t/lib/libc.so.6
argz_create@@GLIBC_2.4                            /opt/arm-none-linux/bin/../arm-none-linux-gnueabi/libc/armv4t/lib/libc.so.6
argz_create@GLIBC_2.4                             /opt/arm-none-linux/bin/../arm-none-linux-gnueabi/libc/armv4t/lib/libc.so.6
argz_create_sep                                   /opt/arm-none-linux/bin/../arm-none-linux-gnueabi/libc/armv4t/lib/libc.so.6
argz_create_sep@@GLIBC_2.4                        /opt/arm-none-linux/bin/../arm-none-linux-gnueabi/libc/armv4t/lib/libc.so.6
argz_create_sep@GLIBC_2.4                         /opt/arm-none-linux/bin/../arm-none-linux-gnueabi/libc/armv4t/lib/libc.so.6
argz_extract                                      /opt/arm-none-linux/bin/../arm-none-linux-gnueabi/libc/armv4t/lib/libc.so.6
argz_extract@@GLIBC_2.4                           /opt/arm-none-linux/bin/../arm-none-linux-gnueabi/libc/armv4t/lib/libc.so.6
argz_extract@GLIBC_2.4                            /opt/arm-none-linux/bin/../arm-none-linux-gnueabi/libc/armv4t/lib/libc.so.6
argz_insert                                       /opt/arm-none-linux/bin/../arm-none-linux-gnueabi/libc/armv4t/lib/libc.so.6
argz_insert@@GLIBC_2.4                            /opt/arm-none-linux/bin/../arm-none-linux-gnueabi/libc/armv4t/lib/libc.so.6
argz_insert@GLIBC_2.4                             /opt/arm-none-linux/bin/../arm-none-linux-gnueabi/libc/armv4t/lib/libc.so.6
argz_next                                         /opt/arm-none-linux/bin/../arm-none-linux-gnueabi/libc/armv4t/lib/libc.so.6
argz_next@@GLIBC_2.4                              /opt/arm-none-linux/bin/../arm-none-linux-gnueabi/libc/armv4t/lib/libc.so.6
argz_next@GLIBC_2.4                               /opt/arm-none-linux/bin/../arm-none-linux-gnueabi/libc/armv4t/lib/libc.so.6
argz_replace                                      /opt/arm-none-linux/bin/../arm-none-linux-gnueabi/libc/armv4t/lib/libc.so.6
argz_replace@@GLIBC_2.4                           /opt/arm-none-linux/bin/../arm-none-linux-gnueabi/libc/armv4t/lib/libc.so.6
argz_replace@GLIBC_2.4                            /opt/arm-none-linux/bin/../arm-none-linux-gnueabi/libc/armv4t/lib/libc.so.6
argz_stringify                                    /opt/arm-none-linux/bin/../arm-none-linux-gnueabi/libc/armv4t/lib/libc.so.6
argz_stringify@@GLIBC_2.4                         /opt/arm-none-linux/bin/../arm-none-linux-gnueabi/libc/armv4t/lib/libc.so.6
argz_stringify@GLIBC_2.4                          /opt/arm-none-linux/bin/../arm-none-linux-gnueabi/libc/armv4t/lib/libc.so.6
ascii                                             bellator_low_level.o
asctime_r                                         /opt/arm-none-linux/bin/../arm-none-linux-gnueabi/libc/armv4t/lib/libc.so.6
asctime_r@@GLIBC_2.4                              /opt/arm-none-linux/bin/../arm-none-linux-gnueabi/libc/armv4t/lib/libc.so.6
asctime_r@GLIBC_2.4                               /opt/arm-none-linux/bin/../arm-none-linux-gnueabi/libc/armv4t/lib/libc.so.6
asin                                              /opt/arm-none-linux/bin/../arm-none-linux-gnueabi/libc/armv4t/usr/lib/libm.so
asin@@GLIBC_2.4                                   /opt/arm-none-linux/bin/../arm-none-linux-gnueabi/libc/armv4t/usr/lib/libm.so
asin@GLIBC_2.4                                    /opt/arm-none-linux/bin/../arm-none-linux-gnueabi/libc/armv4t/usr/lib/libm.so
asinf                                             /opt/arm-none-linux/bin/../arm-none-linux-gnueabi/libc/armv4t/usr/lib/libm.so
asinf@@GLIBC_2.4                                  /opt/arm-none-linux/bin/../arm-none-linux-gnueabi/libc/armv4t/usr/lib/libm.so
asinf@GLIBC_2.4                                   /opt/arm-none-linux/bin/../arm-none-linux-gnueabi/libc/armv4t/usr/lib/libm.so
asinh                                             /opt/arm-none-linux/bin/../arm-none-linux-gnueabi/libc/armv4t/usr/lib/libm.so
asinh@@GLIBC_2.4                                  /opt/arm-none-linux/bin/../arm-none-linux-gnueabi/libc/armv4t/usr/lib/libm.so
asinh@GLIBC_2.4                                   /opt/arm-none-linux/bin/../arm-none-linux-gnueabi/libc/armv4t/usr/lib/libm.so
asinhf                                            /opt/arm-none-linux/bin/../arm-none-linux-gnueabi/libc/armv4t/usr/lib/libm.so
asinhf@@GLIBC_2.4                                 /opt/arm-none-linux/bin/../arm-none-linux-gnueabi/libc/armv4t/usr/lib/libm.so
asinhf@GLIBC_2.4                                  /opt/arm-none-linux/bin/../arm-none-linux-gnueabi/libc/armv4t/usr/lib/libm.so
asinhl                                            /opt/arm-none-linux/bin/../arm-none-linux-gnueabi/libc/armv4t/usr/lib/libm.so
asinhl@@GLIBC_2.4                                 /opt/arm-none-linux/bin/../arm-none-linux-gnueabi/libc/armv4t/usr/lib/libm.so
asinhl@GLIBC_2.4                                  /opt/arm-none-linux/bin/../arm-none-linux-gnueabi/libc/armv4t/usr/lib/libm.so
asinl                                             /opt/arm-none-linux/bin/../arm-none-linux-gnueabi/libc/armv4t/usr/lib/libm.so
asinl@@GLIBC_2.4                                  /opt/arm-none-linux/bin/../arm-none-linux-gnueabi/libc/armv4t/usr/lib/libm.so
asinl@GLIBC_2.4                                   /opt/arm-none-linux/bin/../arm-none-linux-gnueabi/libc/armv4t/usr/lib/libm.so
asprintf                                          /opt/arm-none-linux/bin/../arm-none-linux-gnueabi/libc/armv4t/lib/libc.so.6
asprintf@@GLIBC_2.4                               /opt/arm-none-linux/bin/../arm-none-linux-gnueabi/libc/armv4t/lib/libc.so.6
asprintf@GLIBC_2.4                                /opt/arm-none-linux/bin/../arm-none-linux-gnueabi/libc/armv4t/lib/libc.so.6
atan2                                             /opt/arm-none-linux/bin/../arm-none-linux-gnueabi/libc/armv4t/usr/lib/libm.so
atan2@@GLIBC_2.4                                  /opt/arm-none-linux/bin/../arm-none-linux-gnueabi/libc/armv4t/usr/lib/libm.so
atan2@GLIBC_2.4                                   /opt/arm-none-linux/bin/../arm-none-linux-gnueabi/libc/armv4t/usr/lib/libm.so
atan2f                                            /opt/arm-none-linux/bin/../arm-none-linux-gnueabi/libc/armv4t/usr/lib/libm.so
atan2f@@GLIBC_2.4                                 /opt/arm-none-linux/bin/../arm-none-linux-gnueabi/libc/armv4t/usr/lib/libm.so
atan2f@GLIBC_2.4                                  /opt/arm-none-linux/bin/../arm-none-linux-gnueabi/libc/armv4t/usr/lib/libm.so
atan2l                                            /opt/arm-none-linux/bin/../arm-none-linux-gnueabi/libc/armv4t/usr/lib/libm.so
atan2l@@GLIBC_2.4                                 /opt/arm-none-linux/bin/../arm-none-linux-gnueabi/libc/armv4t/usr/lib/libm.so
atan2l@GLIBC_2.4                                  /opt/arm-none-linux/bin/../arm-none-linux-gnueabi/libc/armv4t/usr/lib/libm.so
atanf                                             /opt/arm-none-linux/bin/../arm-none-linux-gnueabi/libc/armv4t/usr/lib/libm.so
atanf@@GLIBC_2.4                                  /opt/arm-none-linux/bin/../arm-none-linux-gnueabi/libc/armv4t/usr/lib/libm.so
atanf@GLIBC_2.4                                   /opt/arm-none-linux/bin/../arm-none-linux-gnueabi/libc/armv4t/usr/lib/libm.so
atanh                                             /opt/arm-none-linux/bin/../arm-none-linux-gnueabi/libc/armv4t/usr/lib/libm.so
atanh@@GLIBC_2.4                                  /opt/arm-none-linux/bin/../arm-none-linux-gnueabi/libc/armv4t/usr/lib/libm.so
atanh@GLIBC_2.4                                   /opt/arm-none-linux/bin/../arm-none-linux-gnueabi/libc/armv4t/usr/lib/libm.so
atanhf                                            /opt/arm-none-linux/bin/../arm-none-linux-gnueabi/libc/armv4t/usr/lib/libm.so
atanhf@@GLIBC_2.4                                 /opt/arm-none-linux/bin/../arm-none-linux-gnueabi/libc/armv4t/usr/lib/libm.so
atanhf@GLIBC_2.4                                  /opt/arm-none-linux/bin/../arm-none-linux-gnueabi/libc/armv4t/usr/lib/libm.so
atanhl                                            /opt/arm-none-linux/bin/../arm-none-linux-gnueabi/libc/armv4t/usr/lib/libm.so
atanhl@@GLIBC_2.4                                 /opt/arm-none-linux/bin/../arm-none-linux-gnueabi/libc/armv4t/usr/lib/libm.so
atanhl@GLIBC_2.4                                  /opt/arm-none-linux/bin/../arm-none-linux-gnueabi/libc/armv4t/usr/lib/libm.so
atanl                                             /opt/arm-none-linux/bin/../arm-none-linux-gnueabi/libc/armv4t/usr/lib/libm.so
atanl@@GLIBC_2.4                                  /opt/arm-none-linux/bin/../arm-none-linux-gnueabi/libc/armv4t/usr/lib/libm.so
atanl@GLIBC_2.4                                   /opt/arm-none-linux/bin/../arm-none-linux-gnueabi/libc/armv4t/usr/lib/libm.so
backtrace                                         /opt/arm-none-linux/bin/../arm-none-linux-gnueabi/libc/armv4t/lib/libc.so.6
backtrace@@GLIBC_2.4                              /opt/arm-none-linux/bin/../arm-none-linux-gnueabi/libc/armv4t/lib/libc.so.6
backtrace@GLIBC_2.4                               /opt/arm-none-linux/bin/../arm-none-linux-gnueabi/libc/armv4t/lib/libc.so.6
backtrace_symbols                                 /opt/arm-none-linux/bin/../arm-none-linux-gnueabi/libc/armv4t/lib/libc.so.6
backtrace_symbols@@GLIBC_2.4                      /opt/arm-none-linux/bin/../arm-none-linux-gnueabi/libc/armv4t/lib/libc.so.6
backtrace_symbols@GLIBC_2.4                       /opt/arm-none-linux/bin/../arm-none-linux-gnueabi/libc/armv4t/lib/libc.so.6
backtrace_symbols_fd                              /opt/arm-none-linux/bin/../arm-none-linux-gnueabi/libc/armv4t/lib/libc.so.6
backtrace_symbols_fd@@GLIBC_2.4                   /opt/arm-none-linux/bin/../arm-none-linux-gnueabi/libc/armv4t/lib/libc.so.6
backtrace_symbols_fd@GLIBC_2.4                    /opt/arm-none-linux/bin/../arm-none-linux-gnueabi/libc/armv4t/lib/libc.so.6
bcmp                                              /opt/arm-none-linux/bin/../arm-none-linux-gnueabi/libc/armv4t/lib/libc.so.6
bcmp@@GLIBC_2.4                                   /opt/arm-none-linux/bin/../arm-none-linux-gnueabi/libc/armv4t/lib/libc.so.6
bcmp@GLIBC_2.4                                    /opt/arm-none-linux/bin/../arm-none-linux-gnueabi/libc/armv4t/lib/libc.so.6
bind                                              /opt/arm-none-linux/bin/../arm-none-linux-gnueabi/libc/armv4t/lib/libc.so.6
bind@@GLIBC_2.4                                   /opt/arm-none-linux/bin/../arm-none-linux-gnueabi/libc/armv4t/lib/libc.so.6
bind@GLIBC_2.4                                    /opt/arm-none-linux/bin/../arm-none-linux-gnueabi/libc/armv4t/lib/libc.so.6
bind_textdomain_codeset                           /opt/arm-none-linux/bin/../arm-none-linux-gnueabi/libc/armv4t/lib/libc.so.6
bind_textdomain_codeset@@GLIBC_2.4                /opt/arm-none-linux/bin/../arm-none-linux-gnueabi/libc/armv4t/lib/libc.so.6
bind_textdomain_codeset@GLIBC_2.4                 /opt/arm-none-linux/bin/../arm-none-linux-gnueabi/libc/armv4t/lib/libc.so.6
bindtextdomain                                    /opt/arm-none-linux/bin/../arm-none-linux-gnueabi/libc/armv4t/lib/libc.so.6
bindtextdomain@@GLIBC_2.4                         /opt/arm-none-linux/bin/../arm-none-linux-gnueabi/libc/armv4t/lib/libc.so.6
bindtextdomain@GLIBC_2.4                          /opt/arm-none-linux/bin/../arm-none-linux-gnueabi/libc/armv4t/lib/libc.so.6
brk                                               /opt/arm-none-linux/bin/../arm-none-linux-gnueabi/libc/armv4t/lib/libc.so.6
brk@@GLIBC_2.4                                    /opt/arm-none-linux/bin/../arm-none-linux-gnueabi/libc/armv4t/lib/libc.so.6
brk@GLIBC_2.4                                     /opt/arm-none-linux/bin/../arm-none-linux-gnueabi/libc/armv4t/lib/libc.so.6
bsd_signal                                        /opt/arm-none-linux/bin/../arm-none-linux-gnueabi/libc/armv4t/lib/libc.so.6
bsd_signal@@GLIBC_2.4                             /opt/arm-none-linux/bin/../arm-none-linux-gnueabi/libc/armv4t/lib/libc.so.6
bsd_signal@GLIBC_2.4                              /opt/arm-none-linux/bin/../arm-none-linux-gnueabi/libc/armv4t/lib/libc.so.6
btowc                                             /opt/arm-none-linux/bin/../arm-none-linux-gnueabi/libc/armv4t/lib/libc.so.6
btowc@@GLIBC_2.4                                  /opt/arm-none-linux/bin/../arm-none-linux-gnueabi/libc/armv4t/lib/libc.so.6
btowc@GLIBC_2.4                                   /opt/arm-none-linux/bin/../arm-none-linux-gnueabi/libc/armv4t/lib/libc.so.6
bzero                                             /opt/arm-none-linux/bin/../arm-none-linux-gnueabi/libc/armv4t/lib/libc.so.6
bzero@@GLIBC_2.4                                  /opt/arm-none-linux/bin/../arm-none-linux-gnueabi/libc/armv4t/lib/libc.so.6
bzero@GLIBC_2.4                                   /opt/arm-none-linux/bin/../arm-none-linux-gnueabi/libc/armv4t/lib/libc.so.6
cabs                                              /opt/arm-none-linux/bin/../arm-none-linux-gnueabi/libc/armv4t/usr/lib/libm.so
cabs@@GLIBC_2.4                                   /opt/arm-none-linux/bin/../arm-none-linux-gnueabi/libc/armv4t/usr/lib/libm.so
cabs@GLIBC_2.4                                    /opt/arm-none-linux/bin/../arm-none-linux-gnueabi/libc/armv4t/usr/lib/libm.so
cabsf                                             /opt/arm-none-linux/bin/../arm-none-linux-gnueabi/libc/armv4t/usr/lib/libm.so
cabsf@@GLIBC_2.4                                  /opt/arm-none-linux/bin/../arm-none-linux-gnueabi/libc/armv4t/usr/lib/libm.so
cabsf@GLIBC_2.4                                   /opt/arm-none-linux/bin/../arm-none-linux-gnueabi/libc/armv4t/usr/lib/libm.so
cabsl                                             /opt/arm-none-linux/bin/../arm-none-linux-gnueabi/libc/armv4t/usr/lib/libm.so
cabsl@@GLIBC_2.4                                  /opt/arm-none-linux/bin/../arm-none-linux-gnueabi/libc/armv4t/usr/lib/libm.so
cabsl@GLIBC_2.4                                   /opt/arm-none-linux/bin/../arm-none-linux-gnueabi/libc/armv4t/usr/lib/libm.so
cacos                                             /opt/arm-none-linux/bin/../arm-none-linux-gnueabi/libc/armv4t/usr/lib/libm.so
cacos@@GLIBC_2.4                                  /opt/arm-none-linux/bin/../arm-none-linux-gnueabi/libc/armv4t/usr/lib/libm.so
cacos@GLIBC_2.4                                   /opt/arm-none-linux/bin/../arm-none-linux-gnueabi/libc/armv4t/usr/lib/libm.so
cacosf                                            /opt/arm-none-linux/bin/../arm-none-linux-gnueabi/libc/armv4t/usr/lib/libm.so
cacosf@@GLIBC_2.4                                 /opt/arm-none-linux/bin/../arm-none-linux-gnueabi/libc/armv4t/usr/lib/libm.so
cacosf@GLIBC_2.4                                  /opt/arm-none-linux/bin/../arm-none-linux-gnueabi/libc/armv4t/usr/lib/libm.so
cacosh                                            /opt/arm-none-linux/bin/../arm-none-linux-gnueabi/libc/armv4t/usr/lib/libm.so
cacosh@@GLIBC_2.4                                 /opt/arm-none-linux/bin/../arm-none-linux-gnueabi/libc/armv4t/usr/lib/libm.so
cacosh@GLIBC_2.4                                  /opt/arm-none-linux/bin/../arm-none-linux-gnueabi/libc/armv4t/usr/lib/libm.so
cacoshf                                           /opt/arm-none-linux/bin/../arm-none-linux-gnueabi/libc/armv4t/usr/lib/libm.so
cacoshf@@GLIBC_2.4                                /opt/arm-none-linux/bin/../arm-none-linux-gnueabi/libc/armv4t/usr/lib/libm.so
cacoshf@GLIBC_2.4                                 /opt/arm-none-linux/bin/../arm-none-linux-gnueabi/libc/armv4t/usr/lib/libm.so
cacoshl                                           /opt/arm-none-linux/bin/../arm-none-linux-gnueabi/libc/armv4t/usr/lib/libm.so
cacoshl@@GLIBC_2.4                                /opt/arm-none-linux/bin/../arm-none-linux-gnueabi/libc/armv4t/usr/lib/libm.so
cacoshl@GLIBC_2.4                                 /opt/arm-none-linux/bin/../arm-none-linux-gnueabi/libc/armv4t/usr/lib/libm.so
cacosl                                            /opt/arm-none-linux/bin/../arm-none-linux-gnueabi/libc/armv4t/usr/lib/libm.so
cacosl@@GLIBC_2.4                                 /opt/arm-none-linux/bin/../arm-none-linux-gnueabi/libc/armv4t/usr/lib/libm.so
cacosl@GLIBC_2.4                                  /opt/arm-none-linux/bin/../arm-none-linux-gnueabi/libc/armv4t/usr/lib/libm.so
calloc                                            /opt/arm-none-linux/bin/../arm-none-linux-gnueabi/libc/armv4t/lib/libc.so.6
calloc@@GLIBC_2.4                                 /opt/arm-none-linux/bin/../arm-none-linux-gnueabi/libc/armv4t/lib/libc.so.6
                                                  /opt/arm-none-linux/bin/../arm-none-linux-gnueabi/libc/armv4t/lib/ld-linux.so.3
calloc@GLIBC_2.4                                  /opt/arm-none-linux/bin/../arm-none-linux-gnueabi/libc/armv4t/lib/libc.so.6
                                                  /opt/arm-none-linux/bin/../arm-none-linux-gnueabi/libc/armv4t/lib/libgcc_s.so.1
canonicalize_file_name                            /opt/arm-none-linux/bin/../arm-none-linux-gnueabi/libc/armv4t/lib/libc.so.6
canonicalize_file_name@@GLIBC_2.4                 /opt/arm-none-linux/bin/../arm-none-linux-gnueabi/libc/armv4t/lib/libc.so.6
canonicalize_file_name@GLIBC_2.4                  /opt/arm-none-linux/bin/../arm-none-linux-gnueabi/libc/armv4t/lib/libc.so.6
carg                                              /opt/arm-none-linux/bin/../arm-none-linux-gnueabi/libc/armv4t/usr/lib/libm.so
carg@@GLIBC_2.4                                   /opt/arm-none-linux/bin/../arm-none-linux-gnueabi/libc/armv4t/usr/lib/libm.so
carg@GLIBC_2.4                                    /opt/arm-none-linux/bin/../arm-none-linux-gnueabi/libc/armv4t/usr/lib/libm.so
cargf                                             /opt/arm-none-linux/bin/../arm-none-linux-gnueabi/libc/armv4t/usr/lib/libm.so
cargf@@GLIBC_2.4                                  /opt/arm-none-linux/bin/../arm-none-linux-gnueabi/libc/armv4t/usr/lib/libm.so
cargf@GLIBC_2.4                                   /opt/arm-none-linux/bin/../arm-none-linux-gnueabi/libc/armv4t/usr/lib/libm.so
cargl                                             /opt/arm-none-linux/bin/../arm-none-linux-gnueabi/libc/armv4t/usr/lib/libm.so
cargl@@GLIBC_2.4                                  /opt/arm-none-linux/bin/../arm-none-linux-gnueabi/libc/armv4t/usr/lib/libm.so
cargl@GLIBC_2.4                                   /opt/arm-none-linux/bin/../arm-none-linux-gnueabi/libc/armv4t/usr/lib/libm.so
casin                                             /opt/arm-none-linux/bin/../arm-none-linux-gnueabi/libc/armv4t/usr/lib/libm.so
casin@@GLIBC_2.4                                  /opt/arm-none-linux/bin/../arm-none-linux-gnueabi/libc/armv4t/usr/lib/libm.so
casin@GLIBC_2.4                                   /opt/arm-none-linux/bin/../arm-none-linux-gnueabi/libc/armv4t/usr/lib/libm.so
casinf                                            /opt/arm-none-linux/bin/../arm-none-linux-gnueabi/libc/armv4t/usr/lib/libm.so
casinf@@GLIBC_2.4                                 /opt/arm-none-linux/bin/../arm-none-linux-gnueabi/libc/armv4t/usr/lib/libm.so
casinf@GLIBC_2.4                                  /opt/arm-none-linux/bin/../arm-none-linux-gnueabi/libc/armv4t/usr/lib/libm.so
casinh                                            /opt/arm-none-linux/bin/../arm-none-linux-gnueabi/libc/armv4t/usr/lib/libm.so
casinh@@GLIBC_2.4                                 /opt/arm-none-linux/bin/../arm-none-linux-gnueabi/libc/armv4t/usr/lib/libm.so
casinh@GLIBC_2.4                                  /opt/arm-none-linux/bin/../arm-none-linux-gnueabi/libc/armv4t/usr/lib/libm.so
casinhf                                           /opt/arm-none-linux/bin/../arm-none-linux-gnueabi/libc/armv4t/usr/lib/libm.so
casinhf@@GLIBC_2.4                                /opt/arm-none-linux/bin/../arm-none-linux-gnueabi/libc/armv4t/usr/lib/libm.so
casinhf@GLIBC_2.4                                 /opt/arm-none-linux/bin/../arm-none-linux-gnueabi/libc/armv4t/usr/lib/libm.so
casinhl                                           /opt/arm-none-linux/bin/../arm-none-linux-gnueabi/libc/armv4t/usr/lib/libm.so
casinhl@@GLIBC_2.4                                /opt/arm-none-linux/bin/../arm-none-linux-gnueabi/libc/armv4t/usr/lib/libm.so
casinhl@GLIBC_2.4                                 /opt/arm-none-linux/bin/../arm-none-linux-gnueabi/libc/armv4t/usr/lib/libm.so
casinl                                            /opt/arm-none-linux/bin/../arm-none-linux-gnueabi/libc/armv4t/usr/lib/libm.so
casinl@@GLIBC_2.4                                 /opt/arm-none-linux/bin/../arm-none-linux-gnueabi/libc/armv4t/usr/lib/libm.so
casinl@GLIBC_2.4                                  /opt/arm-none-linux/bin/../arm-none-linux-gnueabi/libc/armv4t/usr/lib/libm.so
catan                                             /opt/arm-none-linux/bin/../arm-none-linux-gnueabi/libc/armv4t/usr/lib/libm.so
catan@@GLIBC_2.4                                  /opt/arm-none-linux/bin/../arm-none-linux-gnueabi/libc/armv4t/usr/lib/libm.so
catan@GLIBC_2.4                                   /opt/arm-none-linux/bin/../arm-none-linux-gnueabi/libc/armv4t/usr/lib/libm.so
catanf                                            /opt/arm-none-linux/bin/../arm-none-linux-gnueabi/libc/armv4t/usr/lib/libm.so
catanf@@GLIBC_2.4                                 /opt/arm-none-linux/bin/../arm-none-linux-gnueabi/libc/armv4t/usr/lib/libm.so
catanf@GLIBC_2.4                                  /opt/arm-none-linux/bin/../arm-none-linux-gnueabi/libc/armv4t/usr/lib/libm.so
catanh                                            /opt/arm-none-linux/bin/../arm-none-linux-gnueabi/libc/armv4t/usr/lib/libm.so
catanh@@GLIBC_2.4                                 /opt/arm-none-linux/bin/../arm-none-linux-gnueabi/libc/armv4t/usr/lib/libm.so
catanh@GLIBC_2.4                                  /opt/arm-none-linux/bin/../arm-none-linux-gnueabi/libc/armv4t/usr/lib/libm.so
catanhf                                           /opt/arm-none-linux/bin/../arm-none-linux-gnueabi/libc/armv4t/usr/lib/libm.so
catanhf@@GLIBC_2.4                                /opt/arm-none-linux/bin/../arm-none-linux-gnueabi/libc/armv4t/usr/lib/libm.so
catanhf@GLIBC_2.4                                 /opt/arm-none-linux/bin/../arm-none-linux-gnueabi/libc/armv4t/usr/lib/libm.so
catanhl                                           /opt/arm-none-linux/bin/../arm-none-linux-gnueabi/libc/armv4t/usr/lib/libm.so
catanhl@@GLIBC_2.4                                /opt/arm-none-linux/bin/../arm-none-linux-gnueabi/libc/armv4t/usr/lib/libm.so
catanhl@GLIBC_2.4                                 /opt/arm-none-linux/bin/../arm-none-linux-gnueabi/libc/armv4t/usr/lib/libm.so
catanl                                            /opt/arm-none-linux/bin/../arm-none-linux-gnueabi/libc/armv4t/usr/lib/libm.so
catanl@@GLIBC_2.4                                 /opt/arm-none-linux/bin/../arm-none-linux-gnueabi/libc/armv4t/usr/lib/libm.so
catanl@GLIBC_2.4                                  /opt/arm-none-linux/bin/../arm-none-linux-gnueabi/libc/armv4t/usr/lib/libm.so
cbrt                                              /opt/arm-none-linux/bin/../arm-none-linux-gnueabi/libc/armv4t/usr/lib/libm.so
cbrt@@GLIBC_2.4                                   /opt/arm-none-linux/bin/../arm-none-linux-gnueabi/libc/armv4t/usr/lib/libm.so
cbrt@GLIBC_2.4                                    /opt/arm-none-linux/bin/../arm-none-linux-gnueabi/libc/armv4t/usr/lib/libm.so
cbrtf                                             /opt/arm-none-linux/bin/../arm-none-linux-gnueabi/libc/armv4t/usr/lib/libm.so
cbrtf@@GLIBC_2.4                                  /opt/arm-none-linux/bin/../arm-none-linux-gnueabi/libc/armv4t/usr/lib/libm.so
cbrtf@GLIBC_2.4                                   /opt/arm-none-linux/bin/../arm-none-linux-gnueabi/libc/armv4t/usr/lib/libm.so
cbrtl                                             /opt/arm-none-linux/bin/../arm-none-linux-gnueabi/libc/armv4t/usr/lib/libm.so
cbrtl@@GLIBC_2.4                                  /opt/arm-none-linux/bin/../arm-none-linux-gnueabi/libc/armv4t/usr/lib/libm.so
cbrtl@GLIBC_2.4                                   /opt/arm-none-linux/bin/../arm-none-linux-gnueabi/libc/armv4t/usr/lib/libm.so
ccos                                              /opt/arm-none-linux/bin/../arm-none-linux-gnueabi/libc/armv4t/usr/lib/libm.so
ccos@@GLIBC_2.4                                   /opt/arm-none-linux/bin/../arm-none-linux-gnueabi/libc/armv4t/usr/lib/libm.so
ccos@GLIBC_2.4                                    /opt/arm-none-linux/bin/../arm-none-linux-gnueabi/libc/armv4t/usr/lib/libm.so
ccosf                                             /opt/arm-none-linux/bin/../arm-none-linux-gnueabi/libc/armv4t/usr/lib/libm.so
ccosf@@GLIBC_2.4                                  /opt/arm-none-linux/bin/../arm-none-linux-gnueabi/libc/armv4t/usr/lib/libm.so
ccosf@GLIBC_2.4                                   /opt/arm-none-linux/bin/../arm-none-linux-gnueabi/libc/armv4t/usr/lib/libm.so
ccosh                                             /opt/arm-none-linux/bin/../arm-none-linux-gnueabi/libc/armv4t/usr/lib/libm.so
ccosh@@GLIBC_2.4                                  /opt/arm-none-linux/bin/../arm-none-linux-gnueabi/libc/armv4t/usr/lib/libm.so
ccosh@GLIBC_2.4                                   /opt/arm-none-linux/bin/../arm-none-linux-gnueabi/libc/armv4t/usr/lib/libm.so
ccoshf                                            /opt/arm-none-linux/bin/../arm-none-linux-gnueabi/libc/armv4t/usr/lib/libm.so
ccoshf@@GLIBC_2.4                                 /opt/arm-none-linux/bin/../arm-none-linux-gnueabi/libc/armv4t/usr/lib/libm.so
ccoshf@GLIBC_2.4                                  /opt/arm-none-linux/bin/../arm-none-linux-gnueabi/libc/armv4t/usr/lib/libm.so
ccoshl                                            /opt/arm-none-linux/bin/../arm-none-linux-gnueabi/libc/armv4t/usr/lib/libm.so
ccoshl@@GLIBC_2.4                                 /opt/arm-none-linux/bin/../arm-none-linux-gnueabi/libc/armv4t/usr/lib/libm.so
ccoshl@GLIBC_2.4                                  /opt/arm-none-linux/bin/../arm-none-linux-gnueabi/libc/armv4t/usr/lib/libm.so
ccosl                                             /opt/arm-none-linux/bin/../arm-none-linux-gnueabi/libc/armv4t/usr/lib/libm.so
ccosl@@GLIBC_2.4                                  /opt/arm-none-linux/bin/../arm-none-linux-gnueabi/libc/armv4t/usr/lib/libm.so
ccosl@GLIBC_2.4                                   /opt/arm-none-linux/bin/../arm-none-linux-gnueabi/libc/armv4t/usr/lib/libm.so
ceil                                              /opt/arm-none-linux/bin/../arm-none-linux-gnueabi/libc/armv4t/usr/lib/libm.so
ceil@@GLIBC_2.4                                   /opt/arm-none-linux/bin/../arm-none-linux-gnueabi/libc/armv4t/usr/lib/libm.so
ceil@GLIBC_2.4                                    /opt/arm-none-linux/bin/../arm-none-linux-gnueabi/libc/armv4t/usr/lib/libm.so
ceilf                                             /opt/arm-none-linux/bin/../arm-none-linux-gnueabi/libc/armv4t/usr/lib/libm.so
ceilf@@GLIBC_2.4                                  /opt/arm-none-linux/bin/../arm-none-linux-gnueabi/libc/armv4t/usr/lib/libm.so
ceilf@GLIBC_2.4                                   /opt/arm-none-linux/bin/../arm-none-linux-gnueabi/libc/armv4t/usr/lib/libm.so
ceill                                             /opt/arm-none-linux/bin/../arm-none-linux-gnueabi/libc/armv4t/usr/lib/libm.so
ceill@@GLIBC_2.4                                  /opt/arm-none-linux/bin/../arm-none-linux-gnueabi/libc/armv4t/usr/lib/libm.so
ceill@GLIBC_2.4                                   /opt/arm-none-linux/bin/../arm-none-linux-gnueabi/libc/armv4t/usr/lib/libm.so
cexp                                              /opt/arm-none-linux/bin/../arm-none-linux-gnueabi/libc/armv4t/usr/lib/libm.so
cexp@@GLIBC_2.4                                   /opt/arm-none-linux/bin/../arm-none-linux-gnueabi/libc/armv4t/usr/lib/libm.so
cexp@GLIBC_2.4                                    /opt/arm-none-linux/bin/../arm-none-linux-gnueabi/libc/armv4t/usr/lib/libm.so
cexpf                                             /opt/arm-none-linux/bin/../arm-none-linux-gnueabi/libc/armv4t/usr/lib/libm.so
cexpf@@GLIBC_2.4                                  /opt/arm-none-linux/bin/../arm-none-linux-gnueabi/libc/armv4t/usr/lib/libm.so
cexpf@GLIBC_2.4                                   /opt/arm-none-linux/bin/../arm-none-linux-gnueabi/libc/armv4t/usr/lib/libm.so
cexpl                                             /opt/arm-none-linux/bin/../arm-none-linux-gnueabi/libc/armv4t/usr/lib/libm.so
cexpl@@GLIBC_2.4                                  /opt/arm-none-linux/bin/../arm-none-linux-gnueabi/libc/armv4t/usr/lib/libm.so
cexpl@GLIBC_2.4                                   /opt/arm-none-linux/bin/../arm-none-linux-gnueabi/libc/armv4t/usr/lib/libm.so
cfree                                             /opt/arm-none-linux/bin/../arm-none-linux-gnueabi/libc/armv4t/lib/libc.so.6
cfree@@GLIBC_2.4                                  /opt/arm-none-linux/bin/../arm-none-linux-gnueabi/libc/armv4t/lib/libc.so.6
cfree@GLIBC_2.4                                   /opt/arm-none-linux/bin/../arm-none-linux-gnueabi/libc/armv4t/lib/libc.so.6
chdir                                             /opt/arm-none-linux/bin/../arm-none-linux-gnueabi/libc/armv4t/lib/libc.so.6
chdir@@GLIBC_2.4                                  /opt/arm-none-linux/bin/../arm-none-linux-gnueabi/libc/armv4t/lib/libc.so.6
chdir@GLIBC_2.4                                   /opt/arm-none-linux/bin/../arm-none-linux-gnueabi/libc/armv4t/lib/libc.so.6
chmod                                             /opt/arm-none-linux/bin/../arm-none-linux-gnueabi/libc/armv4t/lib/libc.so.6
chmod@@GLIBC_2.4                                  /opt/arm-none-linux/bin/../arm-none-linux-gnueabi/libc/armv4t/lib/libc.so.6
chmod@GLIBC_2.4                                   /opt/arm-none-linux/bin/../arm-none-linux-gnueabi/libc/armv4t/lib/libc.so.6
chown                                             /opt/arm-none-linux/bin/../arm-none-linux-gnueabi/libc/armv4t/lib/libc.so.6
chown@@GLIBC_2.4                                  /opt/arm-none-linux/bin/../arm-none-linux-gnueabi/libc/armv4t/lib/libc.so.6
chown@GLIBC_2.4                                   /opt/arm-none-linux/bin/../arm-none-linux-gnueabi/libc/armv4t/lib/libc.so.6
cimag                                             /opt/arm-none-linux/bin/../arm-none-linux-gnueabi/libc/armv4t/usr/lib/libm.so
cimag@@GLIBC_2.4                                  /opt/arm-none-linux/bin/../arm-none-linux-gnueabi/libc/armv4t/usr/lib/libm.so
cimag@GLIBC_2.4                                   /opt/arm-none-linux/bin/../arm-none-linux-gnueabi/libc/armv4t/usr/lib/libm.so
cimagf                                            /opt/arm-none-linux/bin/../arm-none-linux-gnueabi/libc/armv4t/usr/lib/libm.so
cimagf@@GLIBC_2.4                                 /opt/arm-none-linux/bin/../arm-none-linux-gnueabi/libc/armv4t/usr/lib/libm.so
cimagf@GLIBC_2.4                                  /opt/arm-none-linux/bin/../arm-none-linux-gnueabi/libc/armv4t/usr/lib/libm.so
cimagl                                            /opt/arm-none-linux/bin/../arm-none-linux-gnueabi/libc/armv4t/usr/lib/libm.so
cimagl@@GLIBC_2.4                                 /opt/arm-none-linux/bin/../arm-none-linux-gnueabi/libc/armv4t/usr/lib/libm.so
cimagl@GLIBC_2.4                                  /opt/arm-none-linux/bin/../arm-none-linux-gnueabi/libc/armv4t/usr/lib/libm.so
clearenv                                          /opt/arm-none-linux/bin/../arm-none-linux-gnueabi/libc/armv4t/lib/libc.so.6
clearenv@@GLIBC_2.4                               /opt/arm-none-linux/bin/../arm-none-linux-gnueabi/libc/armv4t/lib/libc.so.6
clearenv@GLIBC_2.4                                /opt/arm-none-linux/bin/../arm-none-linux-gnueabi/libc/armv4t/lib/libc.so.6
clog                                              /opt/arm-none-linux/bin/../arm-none-linux-gnueabi/libc/armv4t/usr/lib/libm.so
clog10                                            /opt/arm-none-linux/bin/../arm-none-linux-gnueabi/libc/armv4t/usr/lib/libm.so
clog10@@GLIBC_2.4                                 /opt/arm-none-linux/bin/../arm-none-linux-gnueabi/libc/armv4t/usr/lib/libm.so
clog10@GLIBC_2.4                                  /opt/arm-none-linux/bin/../arm-none-linux-gnueabi/libc/armv4t/usr/lib/libm.so
clog10f                                           /opt/arm-none-linux/bin/../arm-none-linux-gnueabi/libc/armv4t/usr/lib/libm.so
clog10f@@GLIBC_2.4                                /opt/arm-none-linux/bin/../arm-none-linux-gnueabi/libc/armv4t/usr/lib/libm.so
clog10f@GLIBC_2.4                                 /opt/arm-none-linux/bin/../arm-none-linux-gnueabi/libc/armv4t/usr/lib/libm.so
clog10l                                           /opt/arm-none-linux/bin/../arm-none-linux-gnueabi/libc/armv4t/usr/lib/libm.so
clog10l@@GLIBC_2.4                                /opt/arm-none-linux/bin/../arm-none-linux-gnueabi/libc/armv4t/usr/lib/libm.so
clog10l@GLIBC_2.4                                 /opt/arm-none-linux/bin/../arm-none-linux-gnueabi/libc/armv4t/usr/lib/libm.so
clog@@GLIBC_2.4                                   /opt/arm-none-linux/bin/../arm-none-linux-gnueabi/libc/armv4t/usr/lib/libm.so
clog@GLIBC_2.4                                    /opt/arm-none-linux/bin/../arm-none-linux-gnueabi/libc/armv4t/usr/lib/libm.so
clogf                                             /opt/arm-none-linux/bin/../arm-none-linux-gnueabi/libc/armv4t/usr/lib/libm.so
clogf@@GLIBC_2.4                                  /opt/arm-none-linux/bin/../arm-none-linux-gnueabi/libc/armv4t/usr/lib/libm.so
clogf@GLIBC_2.4                                   /opt/arm-none-linux/bin/../arm-none-linux-gnueabi/libc/armv4t/usr/lib/libm.so
clogl                                             /opt/arm-none-linux/bin/../arm-none-linux-gnueabi/libc/armv4t/usr/lib/libm.so
clogl@@GLIBC_2.4                                  /opt/arm-none-linux/bin/../arm-none-linux-gnueabi/libc/armv4t/usr/lib/libm.so
clogl@GLIBC_2.4                                   /opt/arm-none-linux/bin/../arm-none-linux-gnueabi/libc/armv4t/usr/lib/libm.so
clone                                             /opt/arm-none-linux/bin/../arm-none-linux-gnueabi/libc/armv4t/lib/libc.so.6
clone@@GLIBC_2.4                                  /opt/arm-none-linux/bin/../arm-none-linux-gnueabi/libc/armv4t/lib/libc.so.6
clone@GLIBC_2.4                                   /opt/arm-none-linux/bin/../arm-none-linux-gnueabi/libc/armv4t/lib/libc.so.6
close                                             /opt/arm-none-linux/bin/../arm-none-linux-gnueabi/libc/armv4t/lib/libc.so.6
close@@GLIBC_2.4                                  /opt/arm-none-linux/bin/../arm-none-linux-gnueabi/libc/armv4t/lib/libc.so.6
close@GLIBC_2.4                                   /opt/arm-none-linux/bin/../arm-none-linux-gnueabi/libc/armv4t/lib/libc.so.6
closedir                                          /opt/arm-none-linux/bin/../arm-none-linux-gnueabi/libc/armv4t/lib/libc.so.6
closedir@@GLIBC_2.4                               /opt/arm-none-linux/bin/../arm-none-linux-gnueabi/libc/armv4t/lib/libc.so.6
closedir@GLIBC_2.4                                /opt/arm-none-linux/bin/../arm-none-linux-gnueabi/libc/armv4t/lib/libc.so.6
conj                                              /opt/arm-none-linux/bin/../arm-none-linux-gnueabi/libc/armv4t/usr/lib/libm.so
conj@@GLIBC_2.4                                   /opt/arm-none-linux/bin/../arm-none-linux-gnueabi/libc/armv4t/usr/lib/libm.so
conj@GLIBC_2.4                                    /opt/arm-none-linux/bin/../arm-none-linux-gnueabi/libc/armv4t/usr/lib/libm.so
conjf                                             /opt/arm-none-linux/bin/../arm-none-linux-gnueabi/libc/armv4t/usr/lib/libm.so
conjf@@GLIBC_2.4                                  /opt/arm-none-linux/bin/../arm-none-linux-gnueabi/libc/armv4t/usr/lib/libm.so
conjf@GLIBC_2.4                                   /opt/arm-none-linux/bin/../arm-none-linux-gnueabi/libc/armv4t/usr/lib/libm.so
conjl                                             /opt/arm-none-linux/bin/../arm-none-linux-gnueabi/libc/armv4t/usr/lib/libm.so
conjl@@GLIBC_2.4                                  /opt/arm-none-linux/bin/../arm-none-linux-gnueabi/libc/armv4t/usr/lib/libm.so
conjl@GLIBC_2.4                                   /opt/arm-none-linux/bin/../arm-none-linux-gnueabi/libc/armv4t/usr/lib/libm.so
connect                                           /opt/arm-none-linux/bin/../arm-none-linux-gnueabi/libc/armv4t/lib/libc.so.6
connect@@GLIBC_2.4                                /opt/arm-none-linux/bin/../arm-none-linux-gnueabi/libc/armv4t/lib/libc.so.6
connect@GLIBC_2.4                                 /opt/arm-none-linux/bin/../arm-none-linux-gnueabi/libc/armv4t/lib/libc.so.6
copysign                                          /opt/arm-none-linux/bin/../arm-none-linux-gnueabi/libc/armv4t/lib/libc.so.6
copysign@@GLIBC_2.4                               /opt/arm-none-linux/bin/../arm-none-linux-gnueabi/libc/armv4t/lib/libc.so.6
                                                  /opt/arm-none-linux/bin/../arm-none-linux-gnueabi/libc/armv4t/usr/lib/libm.so
copysign@GLIBC_2.4                                /opt/arm-none-linux/bin/../arm-none-linux-gnueabi/libc/armv4t/lib/libc.so.6
copysignf                                         /opt/arm-none-linux/bin/../arm-none-linux-gnueabi/libc/armv4t/lib/libc.so.6
copysignf@@GLIBC_2.4                              /opt/arm-none-linux/bin/../arm-none-linux-gnueabi/libc/armv4t/lib/libc.so.6
                                                  /opt/arm-none-linux/bin/../arm-none-linux-gnueabi/libc/armv4t/usr/lib/libm.so
copysignf@GLIBC_2.4                               /opt/arm-none-linux/bin/../arm-none-linux-gnueabi/libc/armv4t/lib/libc.so.6
copysignl                                         /opt/arm-none-linux/bin/../arm-none-linux-gnueabi/libc/armv4t/lib/libc.so.6
copysignl@@GLIBC_2.4                              /opt/arm-none-linux/bin/../arm-none-linux-gnueabi/libc/armv4t/lib/libc.so.6
                                                  /opt/arm-none-linux/bin/../arm-none-linux-gnueabi/libc/armv4t/usr/lib/libm.so
copysignl@GLIBC_2.4                               /opt/arm-none-linux/bin/../arm-none-linux-gnueabi/libc/armv4t/lib/libc.so.6
cos                                               /opt/arm-none-linux/bin/../arm-none-linux-gnueabi/libc/armv4t/usr/lib/libm.so
cos@@GLIBC_2.4                                    /opt/arm-none-linux/bin/../arm-none-linux-gnueabi/libc/armv4t/usr/lib/libm.so
cos@GLIBC_2.4                                     /opt/arm-none-linux/bin/../arm-none-linux-gnueabi/libc/armv4t/usr/lib/libm.so
[...]
vasprintf@@GLIBC_2.4                              /opt/arm-none-linux/bin/../arm-none-linux-gnueabi/libc/armv4t/lib/libc.so.6
vasprintf@GLIBC_2.4                               /opt/arm-none-linux/bin/../arm-none-linux-gnueabi/libc/armv4t/lib/libc.so.6
vdprintf                                          /opt/arm-none-linux/bin/../arm-none-linux-gnueabi/libc/armv4t/lib/libc.so.6
vdprintf@@GLIBC_2.4                               /opt/arm-none-linux/bin/../arm-none-linux-gnueabi/libc/armv4t/lib/libc.so.6
vdprintf@GLIBC_2.4                                /opt/arm-none-linux/bin/../arm-none-linux-gnueabi/libc/armv4t/lib/libc.so.6
vfork                                             /opt/arm-none-linux/bin/../arm-none-linux-gnueabi/libc/armv4t/lib/libc.so.6
vfork@@GLIBC_2.4                                  /opt/arm-none-linux/bin/../arm-none-linux-gnueabi/libc/armv4t/lib/libc.so.6
vfork@GLIBC_2.4                                   /opt/arm-none-linux/bin/../arm-none-linux-gnueabi/libc/armv4t/lib/libc.so.6
vfscanf                                           /opt/arm-none-linux/bin/../arm-none-linux-gnueabi/libc/armv4t/lib/libc.so.6
vfscanf@@GLIBC_2.4                                /opt/arm-none-linux/bin/../arm-none-linux-gnueabi/libc/armv4t/lib/libc.so.6
vfscanf@GLIBC_2.4                                 /opt/arm-none-linux/bin/../arm-none-linux-gnueabi/libc/armv4t/lib/libc.so.6
vfwprintf                                         /opt/arm-none-linux/bin/../arm-none-linux-gnueabi/libc/armv4t/lib/libc.so.6
vfwprintf@@GLIBC_2.4                              /opt/arm-none-linux/bin/../arm-none-linux-gnueabi/libc/armv4t/lib/libc.so.6
vfwprintf@GLIBC_2.4                               /opt/arm-none-linux/bin/../arm-none-linux-gnueabi/libc/armv4t/lib/libc.so.6
vfwscanf                                          /opt/arm-none-linux/bin/../arm-none-linux-gnueabi/libc/armv4t/lib/libc.so.6
vfwscanf@@GLIBC_2.4                               /opt/arm-none-linux/bin/../arm-none-linux-gnueabi/libc/armv4t/lib/libc.so.6
vfwscanf@GLIBC_2.4                                /opt/arm-none-linux/bin/../arm-none-linux-gnueabi/libc/armv4t/lib/libc.so.6
vscanf                                            /opt/arm-none-linux/bin/../arm-none-linux-gnueabi/libc/armv4t/lib/libc.so.6
vscanf@@GLIBC_2.4                                 /opt/arm-none-linux/bin/../arm-none-linux-gnueabi/libc/armv4t/lib/libc.so.6
vscanf@GLIBC_2.4                                  /opt/arm-none-linux/bin/../arm-none-linux-gnueabi/libc/armv4t/lib/libc.so.6
vsnprintf                                         /opt/arm-none-linux/bin/../arm-none-linux-gnueabi/libc/armv4t/lib/libc.so.6
vsnprintf@@GLIBC_2.4                              /opt/arm-none-linux/bin/../arm-none-linux-gnueabi/libc/armv4t/lib/libc.so.6
vsnprintf@GLIBC_2.4                               /opt/arm-none-linux/bin/../arm-none-linux-gnueabi/libc/armv4t/lib/libc.so.6
vsprintf                                          /opt/arm-none-linux/bin/../arm-none-linux-gnueabi/libc/armv4t/lib/libc.so.6
vsprintf@@GLIBC_2.4                               /opt/arm-none-linux/bin/../arm-none-linux-gnueabi/libc/armv4t/lib/libc.so.6
vsprintf@GLIBC_2.4                                /opt/arm-none-linux/bin/../arm-none-linux-gnueabi/libc/armv4t/lib/libc.so.6
vsscanf                                           /opt/arm-none-linux/bin/../arm-none-linux-gnueabi/libc/armv4t/lib/libc.so.6
vsscanf@@GLIBC_2.4                                /opt/arm-none-linux/bin/../arm-none-linux-gnueabi/libc/armv4t/lib/libc.so.6
vsscanf@GLIBC_2.4                                 /opt/arm-none-linux/bin/../arm-none-linux-gnueabi/libc/armv4t/lib/libc.so.6
vswprintf                                         /opt/arm-none-linux/bin/../arm-none-linux-gnueabi/libc/armv4t/lib/libc.so.6
vswprintf@@GLIBC_2.4                              /opt/arm-none-linux/bin/../arm-none-linux-gnueabi/libc/armv4t/lib/libc.so.6
vswprintf@GLIBC_2.4                               /opt/arm-none-linux/bin/../arm-none-linux-gnueabi/libc/armv4t/lib/libc.so.6
wait                                              /opt/arm-none-linux/bin/../arm-none-linux-gnueabi/libc/armv4t/lib/libc.so.6
wait3                                             /opt/arm-none-linux/bin/../arm-none-linux-gnueabi/libc/armv4t/lib/libc.so.6
wait3@@GLIBC_2.4                                  /opt/arm-none-linux/bin/../arm-none-linux-gnueabi/libc/armv4t/lib/libc.so.6
wait3@GLIBC_2.4                                   /opt/arm-none-linux/bin/../arm-none-linux-gnueabi/libc/armv4t/lib/libc.so.6
wait4                                             /opt/arm-none-linux/bin/../arm-none-linux-gnueabi/libc/armv4t/lib/libc.so.6
wait4@@GLIBC_2.4                                  /opt/arm-none-linux/bin/../arm-none-linux-gnueabi/libc/armv4t/lib/libc.so.6
wait4@GLIBC_2.4                                   /opt/arm-none-linux/bin/../arm-none-linux-gnueabi/libc/armv4t/lib/libc.so.6
wait@@GLIBC_2.4                                   /opt/arm-none-linux/bin/../arm-none-linux-gnueabi/libc/armv4t/lib/libc.so.6
wait@GLIBC_2.4                                    /opt/arm-none-linux/bin/../arm-none-linux-gnueabi/libc/armv4t/lib/libc.so.6
waitid                                            /opt/arm-none-linux/bin/../arm-none-linux-gnueabi/libc/armv4t/lib/libc.so.6
waitid@@GLIBC_2.4                                 /opt/arm-none-linux/bin/../arm-none-linux-gnueabi/libc/armv4t/lib/libc.so.6
waitid@GLIBC_2.4                                  /opt/arm-none-linux/bin/../arm-none-linux-gnueabi/libc/armv4t/lib/libc.so.6
waitpid                                           /opt/arm-none-linux/bin/../arm-none-linux-gnueabi/libc/armv4t/lib/libc.so.6
waitpid@@GLIBC_2.4                                /opt/arm-none-linux/bin/../arm-none-linux-gnueabi/libc/armv4t/lib/libc.so.6
waitpid@GLIBC_2.4                                 /opt/arm-none-linux/bin/../arm-none-linux-gnueabi/libc/armv4t/lib/libc.so.6
wcpcpy                                            /opt/arm-none-linux/bin/../arm-none-linux-gnueabi/libc/armv4t/lib/libc.so.6
wcpcpy@@GLIBC_2.4                                 /opt/arm-none-linux/bin/../arm-none-linux-gnueabi/libc/armv4t/lib/libc.so.6
wcpcpy@GLIBC_2.4                                  /opt/arm-none-linux/bin/../arm-none-linux-gnueabi/libc/armv4t/lib/libc.so.6
wcpncpy                                           /opt/arm-none-linux/bin/../arm-none-linux-gnueabi/libc/armv4t/lib/libc.so.6
wcpncpy@@GLIBC_2.4                                /opt/arm-none-linux/bin/../arm-none-linux-gnueabi/libc/armv4t/lib/libc.so.6
wcpncpy@GLIBC_2.4                                 /opt/arm-none-linux/bin/../arm-none-linux-gnueabi/libc/armv4t/lib/libc.so.6
wcrtomb                                           /opt/arm-none-linux/bin/../arm-none-linux-gnueabi/libc/armv4t/lib/libc.so.6
wcrtomb@@GLIBC_2.4                                /opt/arm-none-linux/bin/../arm-none-linux-gnueabi/libc/armv4t/lib/libc.so.6
wcrtomb@GLIBC_2.4                                 /opt/arm-none-linux/bin/../arm-none-linux-gnueabi/libc/armv4t/lib/libc.so.6
wcscasecmp                                        /opt/arm-none-linux/bin/../arm-none-linux-gnueabi/libc/armv4t/lib/libc.so.6
wcscasecmp@@GLIBC_2.4                             /opt/arm-none-linux/bin/../arm-none-linux-gnueabi/libc/armv4t/lib/libc.so.6
wcscasecmp@GLIBC_2.4                              /opt/arm-none-linux/bin/../arm-none-linux-gnueabi/libc/armv4t/lib/libc.so.6
wcscasecmp_l                                      /opt/arm-none-linux/bin/../arm-none-linux-gnueabi/libc/armv4t/lib/libc.so.6
wcscasecmp_l@@GLIBC_2.4                           /opt/arm-none-linux/bin/../arm-none-linux-gnueabi/libc/armv4t/lib/libc.so.6
wcscasecmp_l@GLIBC_2.4                            /opt/arm-none-linux/bin/../arm-none-linux-gnueabi/libc/armv4t/lib/libc.so.6
wcscat                                            /opt/arm-none-linux/bin/../arm-none-linux-gnueabi/libc/armv4t/lib/libc.so.6
wcscat@@GLIBC_2.4                                 /opt/arm-none-linux/bin/../arm-none-linux-gnueabi/libc/armv4t/lib/libc.so.6
wcscat@GLIBC_2.4                                  /opt/arm-none-linux/bin/../arm-none-linux-gnueabi/libc/armv4t/lib/libc.so.6
wcschrnul                                         /opt/arm-none-linux/bin/../arm-none-linux-gnueabi/libc/armv4t/lib/libc.so.6
wcschrnul@@GLIBC_2.4                              /opt/arm-none-linux/bin/../arm-none-linux-gnueabi/libc/armv4t/lib/libc.so.6
wcschrnul@GLIBC_2.4                               /opt/arm-none-linux/bin/../arm-none-linux-gnueabi/libc/armv4t/lib/libc.so.6
wcscoll                                           /opt/arm-none-linux/bin/../arm-none-linux-gnueabi/libc/armv4t/lib/libc.so.6
wcscoll@@GLIBC_2.4                                /opt/arm-none-linux/bin/../arm-none-linux-gnueabi/libc/armv4t/lib/libc.so.6
wcscoll@GLIBC_2.4                                 /opt/arm-none-linux/bin/../arm-none-linux-gnueabi/libc/armv4t/lib/libc.so.6
wcscoll_l                                         /opt/arm-none-linux/bin/../arm-none-linux-gnueabi/libc/armv4t/lib/libc.so.6
wcscoll_l@@GLIBC_2.4                              /opt/arm-none-linux/bin/../arm-none-linux-gnueabi/libc/armv4t/lib/libc.so.6
wcscoll_l@GLIBC_2.4                               /opt/arm-none-linux/bin/../arm-none-linux-gnueabi/libc/armv4t/lib/libc.so.6
wcsftime_l                                        /opt/arm-none-linux/bin/../arm-none-linux-gnueabi/libc/armv4t/lib/libc.so.6
wcsftime_l@@GLIBC_2.4                             /opt/arm-none-linux/bin/../arm-none-linux-gnueabi/libc/armv4t/lib/libc.so.6
wcsftime_l@GLIBC_2.4                              /opt/arm-none-linux/bin/../arm-none-linux-gnueabi/libc/armv4t/lib/libc.so.6
wcslen                                            /opt/arm-none-linux/bin/../arm-none-linux-gnueabi/libc/armv4t/lib/libc.so.6
wcslen@@GLIBC_2.4                                 /opt/arm-none-linux/bin/../arm-none-linux-gnueabi/libc/armv4t/lib/libc.so.6
wcslen@GLIBC_2.4                                  /opt/arm-none-linux/bin/../arm-none-linux-gnueabi/libc/armv4t/lib/libc.so.6
wcsncasecmp                                       /opt/arm-none-linux/bin/../arm-none-linux-gnueabi/libc/armv4t/lib/libc.so.6
wcsncasecmp@@GLIBC_2.4                            /opt/arm-none-linux/bin/../arm-none-linux-gnueabi/libc/armv4t/lib/libc.so.6
wcsncasecmp@GLIBC_2.4                             /opt/arm-none-linux/bin/../arm-none-linux-gnueabi/libc/armv4t/lib/libc.so.6
wcsncasecmp_l                                     /opt/arm-none-linux/bin/../arm-none-linux-gnueabi/libc/armv4t/lib/libc.so.6
wcsncasecmp_l@@GLIBC_2.4                          /opt/arm-none-linux/bin/../arm-none-linux-gnueabi/libc/armv4t/lib/libc.so.6
wcsncasecmp_l@GLIBC_2.4                           /opt/arm-none-linux/bin/../arm-none-linux-gnueabi/libc/armv4t/lib/libc.so.6
wcsncpy                                           /opt/arm-none-linux/bin/../arm-none-linux-gnueabi/libc/armv4t/lib/libc.so.6
wcsncpy@@GLIBC_2.4                                /opt/arm-none-linux/bin/../arm-none-linux-gnueabi/libc/armv4t/lib/libc.so.6
wcsncpy@GLIBC_2.4                                 /opt/arm-none-linux/bin/../arm-none-linux-gnueabi/libc/armv4t/lib/libc.so.6
wcsnlen                                           /opt/arm-none-linux/bin/../arm-none-linux-gnueabi/libc/armv4t/lib/libc.so.6
wcsnlen@@GLIBC_2.4                                /opt/arm-none-linux/bin/../arm-none-linux-gnueabi/libc/armv4t/lib/libc.so.6
wcsnlen@GLIBC_2.4                                 /opt/arm-none-linux/bin/../arm-none-linux-gnueabi/libc/armv4t/lib/libc.so.6
wcsnrtombs                                        /opt/arm-none-linux/bin/../arm-none-linux-gnueabi/libc/armv4t/lib/libc.so.6
wcsnrtombs@@GLIBC_2.4                             /opt/arm-none-linux/bin/../arm-none-linux-gnueabi/libc/armv4t/lib/libc.so.6
wcsnrtombs@GLIBC_2.4                              /opt/arm-none-linux/bin/../arm-none-linux-gnueabi/libc/armv4t/lib/libc.so.6
wcsrtombs                                         /opt/arm-none-linux/bin/../arm-none-linux-gnueabi/libc/armv4t/lib/libc.so.6
wcsrtombs@@GLIBC_2.4                              /opt/arm-none-linux/bin/../arm-none-linux-gnueabi/libc/armv4t/lib/libc.so.6
wcsrtombs@GLIBC_2.4                               /opt/arm-none-linux/bin/../arm-none-linux-gnueabi/libc/armv4t/lib/libc.so.6
wcstod_l                                          /opt/arm-none-linux/bin/../arm-none-linux-gnueabi/libc/armv4t/lib/libc.so.6
wcstod_l@@GLIBC_2.4                               /opt/arm-none-linux/bin/../arm-none-linux-gnueabi/libc/armv4t/lib/libc.so.6
wcstod_l@GLIBC_2.4                                /opt/arm-none-linux/bin/../arm-none-linux-gnueabi/libc/armv4t/lib/libc.so.6
wcstof_l                                          /opt/arm-none-linux/bin/../arm-none-linux-gnueabi/libc/armv4t/lib/libc.so.6
wcstof_l@@GLIBC_2.4                               /opt/arm-none-linux/bin/../arm-none-linux-gnueabi/libc/armv4t/lib/libc.so.6
wcstof_l@GLIBC_2.4                                /opt/arm-none-linux/bin/../arm-none-linux-gnueabi/libc/armv4t/lib/libc.so.6
wcstol_l                                          /opt/arm-none-linux/bin/../arm-none-linux-gnueabi/libc/armv4t/lib/libc.so.6
wcstol_l@@GLIBC_2.4                               /opt/arm-none-linux/bin/../arm-none-linux-gnueabi/libc/armv4t/lib/libc.so.6
wcstol_l@GLIBC_2.4                                /opt/arm-none-linux/bin/../arm-none-linux-gnueabi/libc/armv4t/lib/libc.so.6
wcstold_l                                         /opt/arm-none-linux/bin/../arm-none-linux-gnueabi/libc/armv4t/lib/libc.so.6
wcstold_l@@GLIBC_2.4                              /opt/arm-none-linux/bin/../arm-none-linux-gnueabi/libc/armv4t/lib/libc.so.6
wcstold_l@GLIBC_2.4                               /opt/arm-none-linux/bin/../arm-none-linux-gnueabi/libc/armv4t/lib/libc.so.6
wcstoll_l                                         /opt/arm-none-linux/bin/../arm-none-linux-gnueabi/libc/armv4t/lib/libc.so.6
wcstoll_l@@GLIBC_2.4                              /opt/arm-none-linux/bin/../arm-none-linux-gnueabi/libc/armv4t/lib/libc.so.6
wcstoll_l@GLIBC_2.4                               /opt/arm-none-linux/bin/../arm-none-linux-gnueabi/libc/armv4t/lib/libc.so.6
wcstoq                                            /opt/arm-none-linux/bin/../arm-none-linux-gnueabi/libc/armv4t/lib/libc.so.6
wcstoq@@GLIBC_2.4                                 /opt/arm-none-linux/bin/../arm-none-linux-gnueabi/libc/armv4t/lib/libc.so.6
wcstoq@GLIBC_2.4                                  /opt/arm-none-linux/bin/../arm-none-linux-gnueabi/libc/armv4t/lib/libc.so.6
wcstoul_l                                         /opt/arm-none-linux/bin/../arm-none-linux-gnueabi/libc/armv4t/lib/libc.so.6
wcstoul_l@@GLIBC_2.4                              /opt/arm-none-linux/bin/../arm-none-linux-gnueabi/libc/armv4t/lib/libc.so.6
wcstoul_l@GLIBC_2.4                               /opt/arm-none-linux/bin/../arm-none-linux-gnueabi/libc/armv4t/lib/libc.so.6
wcstoull_l                                        /opt/arm-none-linux/bin/../arm-none-linux-gnueabi/libc/armv4t/lib/libc.so.6
wcstoull_l@@GLIBC_2.4                             /opt/arm-none-linux/bin/../arm-none-linux-gnueabi/libc/armv4t/lib/libc.so.6
wcstoull_l@GLIBC_2.4                              /opt/arm-none-linux/bin/../arm-none-linux-gnueabi/libc/armv4t/lib/libc.so.6
wcstouq                                           /opt/arm-none-linux/bin/../arm-none-linux-gnueabi/libc/armv4t/lib/libc.so.6
wcstouq@@GLIBC_2.4                                /opt/arm-none-linux/bin/../arm-none-linux-gnueabi/libc/armv4t/lib/libc.so.6
wcstouq@GLIBC_2.4                                 /opt/arm-none-linux/bin/../arm-none-linux-gnueabi/libc/armv4t/lib/libc.so.6
wcswcs                                            /opt/arm-none-linux/bin/../arm-none-linux-gnueabi/libc/armv4t/lib/libc.so.6
wcswcs@@GLIBC_2.4                                 /opt/arm-none-linux/bin/../arm-none-linux-gnueabi/libc/armv4t/lib/libc.so.6
wcswcs@GLIBC_2.4                                  /opt/arm-none-linux/bin/../arm-none-linux-gnueabi/libc/armv4t/lib/libc.so.6
wcsxfrm_l                                         /opt/arm-none-linux/bin/../arm-none-linux-gnueabi/libc/armv4t/lib/libc.so.6
wcsxfrm_l@@GLIBC_2.4                              /opt/arm-none-linux/bin/../arm-none-linux-gnueabi/libc/armv4t/lib/libc.so.6
wcsxfrm_l@GLIBC_2.4                               /opt/arm-none-linux/bin/../arm-none-linux-gnueabi/libc/armv4t/lib/libc.so.6
wctrans                                           /opt/arm-none-linux/bin/../arm-none-linux-gnueabi/libc/armv4t/lib/libc.so.6
wctrans@@GLIBC_2.4                                /opt/arm-none-linux/bin/../arm-none-linux-gnueabi/libc/armv4t/lib/libc.so.6
wctrans@GLIBC_2.4                                 /opt/arm-none-linux/bin/../arm-none-linux-gnueabi/libc/armv4t/lib/libc.so.6
wctrans_l                                         /opt/arm-none-linux/bin/../arm-none-linux-gnueabi/libc/armv4t/lib/libc.so.6
wctrans_l@@GLIBC_2.4                              /opt/arm-none-linux/bin/../arm-none-linux-gnueabi/libc/armv4t/lib/libc.so.6
wctrans_l@GLIBC_2.4                               /opt/arm-none-linux/bin/../arm-none-linux-gnueabi/libc/armv4t/lib/libc.so.6
wctype                                            /opt/arm-none-linux/bin/../arm-none-linux-gnueabi/libc/armv4t/lib/libc.so.6
wctype@@GLIBC_2.4                                 /opt/arm-none-linux/bin/../arm-none-linux-gnueabi/libc/armv4t/lib/libc.so.6
wctype@GLIBC_2.4                                  /opt/arm-none-linux/bin/../arm-none-linux-gnueabi/libc/armv4t/lib/libc.so.6
wctype_l                                          /opt/arm-none-linux/bin/../arm-none-linux-gnueabi/libc/armv4t/lib/libc.so.6
wctype_l@@GLIBC_2.4                               /opt/arm-none-linux/bin/../arm-none-linux-gnueabi/libc/armv4t/lib/libc.so.6
wctype_l@GLIBC_2.4                                /opt/arm-none-linux/bin/../arm-none-linux-gnueabi/libc/armv4t/lib/libc.so.6
wmemcpy                                           /opt/arm-none-linux/bin/../arm-none-linux-gnueabi/libc/armv4t/lib/libc.so.6
wmemcpy@@GLIBC_2.4                                /opt/arm-none-linux/bin/../arm-none-linux-gnueabi/libc/armv4t/lib/libc.so.6
wmemcpy@GLIBC_2.4                                 /opt/arm-none-linux/bin/../arm-none-linux-gnueabi/libc/armv4t/lib/libc.so.6
wmemmove                                          /opt/arm-none-linux/bin/../arm-none-linux-gnueabi/libc/armv4t/lib/libc.so.6
wmemmove@@GLIBC_2.4                               /opt/arm-none-linux/bin/../arm-none-linux-gnueabi/libc/armv4t/lib/libc.so.6
wmemmove@GLIBC_2.4                                /opt/arm-none-linux/bin/../arm-none-linux-gnueabi/libc/armv4t/lib/libc.so.6
wmempcpy                                          /opt/arm-none-linux/bin/../arm-none-linux-gnueabi/libc/armv4t/lib/libc.so.6
wmempcpy@@GLIBC_2.4                               /opt/arm-none-linux/bin/../arm-none-linux-gnueabi/libc/armv4t/lib/libc.so.6
wmempcpy@GLIBC_2.4                                /opt/arm-none-linux/bin/../arm-none-linux-gnueabi/libc/armv4t/lib/libc.so.6
write                                             /opt/arm-none-linux/bin/../arm-none-linux-gnueabi/libc/armv4t/lib/libc.so.6
write@@GLIBC_2.4                                  /opt/arm-none-linux/bin/../arm-none-linux-gnueabi/libc/armv4t/lib/libc.so.6
write@GLIBC_2.4                                   /opt/arm-none-linux/bin/../arm-none-linux-gnueabi/libc/armv4t/lib/libc.so.6
writev                                            /opt/arm-none-linux/bin/../arm-none-linux-gnueabi/libc/armv4t/lib/libc.so.6
writev@@GLIBC_2.4                                 /opt/arm-none-linux/bin/../arm-none-linux-gnueabi/libc/armv4t/lib/libc.so.6
writev@GLIBC_2.4                                  /opt/arm-none-linux/bin/../arm-none-linux-gnueabi/libc/armv4t/lib/libc.so.6
